
Allocating common symbols
Common symbol       size              file

readylist           0x2               binaries/ready.o
sleepq              0x2               binaries/clkinit.o
nnames              0x4               binaries/naminit.o
minheap             0x4               binaries/meminit.o
marks               0x50              binaries/mark.o
currpid             0x4               binaries/initialize.o
Lf_data             0x20c             binaries/lfsinit.o
porttab             0x2d0             binaries/ptinit.o
girmask             0x2               binaries/evec.o
ttytab              0x110             binaries/ttyinit.o
proctab             0x15e0            binaries/initialize.o
prcount             0x4               binaries/initialize.o
lfltab              0xf00             binaries/lflinit.o
apid                0x4               binaries/main.o
nmarks              0x4               binaries/mark.o
Defer               0x8               binaries/resched.o
semtab              0x4b0             binaries/initialize.o
maxheap             0x4               binaries/meminit.o
preempt             0x4               binaries/clkinit.o
buftab              0xf0              binaries/bufinit.o
mkmutex             0x4               binaries/mark.o
bpid                0x4               binaries/main.o
count1000           0x4               binaries/clkinit.o
clktime             0x4               binaries/clkinit.o
nbpools             0x4               binaries/bufinit.o
queuetab            0x980             binaries/queue.o
ptnextid            0x4               binaries/ptinit.o
Ram                 0x19000           binaries/raminit.o
memlist             0x8               binaries/initialize.o
nametab             0x19a0            binaries/naminit.o
ptfree              0x4               binaries/ptinit.o

Discarded input sections

 .group         0x0000000000000000        0x8 binaries/ascdate.o
 .group         0x0000000000000000        0x8 binaries/bufinit.o
 .group         0x0000000000000000        0x8 binaries/chprio.o
 .group         0x0000000000000000        0x8 binaries/clkhandler.o
 .text.__x86.get_pc_thunk.bx
                0x0000000000000000        0x4 binaries/clkhandler.o
 .group         0x0000000000000000        0x8 binaries/clkinit.o
 .text.__x86.get_pc_thunk.bx
                0x0000000000000000        0x4 binaries/clkinit.o
 .group         0x0000000000000000        0x8 binaries/close.o
 .text.__x86.get_pc_thunk.bx
                0x0000000000000000        0x4 binaries/close.o
 .group         0x0000000000000000        0x8 binaries/control.o
 .text.__x86.get_pc_thunk.bx
                0x0000000000000000        0x4 binaries/control.o
 .group         0x0000000000000000        0x8 binaries/create.o
 .group         0x0000000000000000        0x8 binaries/create.o
 .text.__x86.get_pc_thunk.cx
                0x0000000000000000        0x4 binaries/create.o
 .text.__x86.get_pc_thunk.bx
                0x0000000000000000        0x4 binaries/create.o
 .group         0x0000000000000000        0x8 binaries/evec.o
 .group         0x0000000000000000        0x8 binaries/evec.o
 .text.__x86.get_pc_thunk.ax
                0x0000000000000000        0x4 binaries/evec.o
 .text.__x86.get_pc_thunk.bx
                0x0000000000000000        0x4 binaries/evec.o
 .group         0x0000000000000000        0x8 binaries/exit.o
 .text.__x86.get_pc_thunk.bx
                0x0000000000000000        0x4 binaries/exit.o
 .group         0x0000000000000000        0x8 binaries/freebuf.o
 .text.__x86.get_pc_thunk.bx
                0x0000000000000000        0x4 binaries/freebuf.o
 .group         0x0000000000000000        0x8 binaries/freemem.o
 .text.__x86.get_pc_thunk.bx
                0x0000000000000000        0x4 binaries/freemem.o
 .group         0x0000000000000000        0x8 binaries/getbuf.o
 .text.__x86.get_pc_thunk.bx
                0x0000000000000000        0x4 binaries/getbuf.o
 .group         0x0000000000000000        0x8 binaries/getc.o
 .text.__x86.get_pc_thunk.bx
                0x0000000000000000        0x4 binaries/getc.o
 .group         0x0000000000000000        0x8 binaries/getdev.o
 .text.__x86.get_pc_thunk.bx
                0x0000000000000000        0x4 binaries/getdev.o
 .group         0x0000000000000000        0x8 binaries/getitem.o
 .group         0x0000000000000000        0x8 binaries/getitem.o
 .text.__x86.get_pc_thunk.ax
                0x0000000000000000        0x4 binaries/getitem.o
 .group         0x0000000000000000        0x8 binaries/getmem.o
 .text.__x86.get_pc_thunk.bx
                0x0000000000000000        0x4 binaries/getmem.o
 .group         0x0000000000000000        0x8 binaries/getpid.o
 .text.__x86.get_pc_thunk.ax
                0x0000000000000000        0x4 binaries/getpid.o
 .group         0x0000000000000000        0x8 binaries/getprio.o
 .text.__x86.get_pc_thunk.bx
                0x0000000000000000        0x4 binaries/getprio.o
[...]
Memory Configuration

Name             Origin             Length             Attributes
*default*        0x0000000000000000 0xffffffffffffffff

Linker script and memory map

                0x0000000000100000                physbase = 0x100000
                0x0000000000100000                . = physbase
                0x0000000000100000                . = ALIGN (0x1000)

.text           0x0000000000100000     0xf000
                0x0000000000100000                text = ABSOLUTE (.)
 *(.text .text.*)
 .text          0x0000000000100000      0x1b4 binaries/start.o
                0x0000000000100024                start
                0x00000000001000f6                inb
                0x00000000001000fe                inw
                0x0000000000100107                inl
                0x000000000010010f                outb
                0x0000000000100119                outw
                0x0000000000100124                outl
                0x000000000010012e                _rtcin
                0x0000000000100139                ___udivsi3
                0x0000000000100144                ___divsi3
                0x0000000000100150                sbzero
                0x0000000000100160                insw
                0x0000000000100176                outsw
                0x000000000010018c                bcopy
                0x00000000001001a0                lidt
                0x00000000001001a8                cpuid
 .text          0x00000000001001b4      0x404 binaries/ascdate.o
                0x00000000001001b4                ascdate
 .text.__x86.get_pc_thunk.cx
                0x00000000001005b8        0x4 binaries/ascdate.o
                0x00000000001005b8                __x86.get_pc_thunk.cx
 .text          0x00000000001005bc       0x20 binaries/bufinit.o
                0x00000000001005bc                bufinit
 .text.__x86.get_pc_thunk.ax
                0x00000000001005dc        0x4 binaries/bufinit.o
                0x00000000001005dc                __x86.get_pc_thunk.ax
 .text          0x00000000001005e0       0xa2 binaries/chprio.o
                0x00000000001005e0                chprio
 .text.__x86.get_pc_thunk.bx
                0x0000000000100682        0x4 binaries/chprio.o
                0x0000000000100682                __x86.get_pc_thunk.bx
 .text          0x0000000000100686       0xf5 binaries/clkhandler.o
                0x0000000000100686                clkhandler
 .text          0x000000000010077b       0xa1 binaries/clkinit.o
                0x000000000010077b                clkinit
 .text          0x000000000010081c       0x86 binaries/close.o
                0x000000000010081c                close
 .text          0x00000000001008a2        0x0 binaries/conf.o
 .text          0x00000000001008a2       0x8c binaries/control.o
                0x00000000001008a2                control
 .text          0x000000000010092e      0x302 binaries/create.o
                0x000000000010092e                create
 .text          0x0000000000100c30      0x4c6 binaries/evec.o
                0x0000000000100c30                initevec
                0x0000000000100d41                set_evec
                0x0000000000100dff                _8259_setirmask
                0x0000000000100e71                trap
 .text          0x00000000001010f6       0x29 binaries/exit.o
                0x00000000001010f6                exit
 .text          0x000000000010111f       0xa1 binaries/freebuf.o
                0x000000000010111f                freebuf
 .text          0x00000000001011c0      0x195 binaries/freemem.o
                0x00000000001011c0                freemem
 .text          0x0000000000101355       0x9f binaries/getbuf.o
                0x0000000000101355                getbuf
 .text          0x00000000001013f4       0x86 binaries/getc.o
                0x00000000001013f4                getc
 .text          0x000000000010147a       0x86 binaries/getdev.o
                0x000000000010147a                getdev
 .text          0x0000000000101500      0x111 binaries/getitem.o
                0x0000000000101500                getfirst
                0x0000000000101556                getlast
                0x00000000001015ae                getitem
 .text.__x86.get_pc_thunk.dx
                0x0000000000101611        0x4 binaries/getitem.o
                0x0000000000101611                __x86.get_pc_thunk.dx
 .text          0x0000000000101615      0x132 binaries/getmem.o
                0x0000000000101615                getmem
 .text          0x0000000000101747       0x17 binaries/getpid.o
                0x0000000000101747                getpid
 .text          0x000000000010175e       0x8c binaries/getprio.o
                0x000000000010175e                getprio
 .text          0x00000000001017ea      0x119 binaries/getstk.o
                0x00000000001017ea                getstk
 .text          0x0000000000101903       0x20 binaries/getticks.o
                0x0000000000101903                getticks
 .text          0x0000000000101923       0x14 binaries/gettime.o
                0x0000000000101923                gettime
 .text          0x0000000000101937       0x14 binaries/getutime.o
                0x0000000000101937                getutime
 .text          0x000000000010194b       0x86 binaries/init.o
                0x000000000010194b                init
 .text          0x00000000001019d1      0x3be binaries/initialize.o
                0x00000000001019d1                nulluser
                0x0000000000101d1c                stop
                0x0000000000101d57                delay
 .text          0x0000000000101d8f      0x105 binaries/insert.o
                0x0000000000101d8f                insert
 .text          0x0000000000101e94      0x13e binaries/insertd.o
                0x0000000000101e94                insertd
 .text          0x0000000000101fd2       0x14 binaries/ioerr.o
                0x0000000000101fd2                ioerr
 .text          0x0000000000101fe6       0x14 binaries/ionull.o
                0x0000000000101fe6                ionull
 .text          0x0000000000101ffa      0x1c8 binaries/kill.o
                0x0000000000101ffa                kill
 .text          0x00000000001021c2      0x1ca binaries/kprintf.o
                0x00000000001021c2                kputc
                0x000000000010228a                kgetc
                0x0000000000102350                kprintf
 .text          0x000000000010238c       0xb8 binaries/main.o
                0x000000000010238c                sndA
                0x00000000001023de                sndB
                0x0000000000102430                main
 .text          0x0000000000102444       0xf0 binaries/mark.o
                0x0000000000102444                markinit
                0x000000000010247f                mark
 .text          0x0000000000102534      0x32d binaries/meminit.o
                0x0000000000102534                meminit
                0x000000000010279e                setsegs
 .text          0x0000000000102861      0x194 binaries/mkbufpool.o
                0x0000000000102861                mkbufpool
 .text          0x00000000001029f5       0xbb binaries/newqueue.o
                0x00000000001029f5                newqueue
 .text          0x0000000000102ab0       0x8c binaries/open.o
                0x0000000000102ab0                open
 .text          0x0000000000102b3c       0x2e binaries/panic.o
                0x0000000000102b3c                panic
 .text          0x0000000000102b6a       0x29 binaries/platinit.o
                0x0000000000102b6a                console_init
                0x0000000000102b7e                platinit
 .text          0x0000000000102b93      0x105 binaries/ptclear.o
                0x0000000000102b93                _ptclear
 .text          0x0000000000102c98       0xaf binaries/ptcount.o
                0x0000000000102c98                ptcount
 .text          0x0000000000102d47      0x138 binaries/ptcreate.o
                0x0000000000102d47                ptcreate
 .text          0x0000000000102e7f       0x94 binaries/ptdelete.o
                0x0000000000102e7f                ptdelete
 .text          0x0000000000102f13       0xe7 binaries/ptinit.o
                0x0000000000102f13                ptinit
 .text          0x0000000000102ffa      0x135 binaries/ptrecv.o
                0x0000000000102ffa                ptrecv
 .text          0x000000000010312f       0x89 binaries/ptreset.o
                0x000000000010312f                ptreset
 .text          0x00000000001031b8      0x15a binaries/ptsend.o
                0x00000000001031b8                ptsend
 .text          0x0000000000103312       0x91 binaries/putc.o
                0x0000000000103312                putc
 .text          0x00000000001033a3      0x146 binaries/queue.o
                0x00000000001033a3                enqueue
                0x0000000000103464                dequeue
 .text          0x00000000001034e9       0x8c binaries/read.o
                0x00000000001034e9                read
 .text          0x0000000000103575       0xd8 binaries/ready.o
                0x0000000000103575                ready
 .text          0x000000000010364d       0x74 binaries/receive.o
                0x000000000010364d                receive
 .text          0x00000000001036c1       0x70 binaries/recvclr.o
                0x00000000001036c1                recvclr
 .text          0x0000000000103731       0xd5 binaries/recvtime.o
                0x0000000000103731                recvtime
 .text          0x0000000000103806      0x1ce binaries/resched.o
                0x0000000000103806                resched
                0x0000000000103936                resched_cntl
 .text          0x00000000001039d4      0x102 binaries/resume.o
                0x00000000001039d4                resume
 .text          0x0000000000103ad6       0x8a binaries/seek.o
                0x0000000000103ad6                seek
 .text          0x0000000000103b60       0x87 binaries/semcount.o
                0x0000000000103b60                semcount
 .text          0x0000000000103be7      0x100 binaries/semcreate.o
                0x0000000000103be7                semcreate
 .text          0x0000000000103ce7       0xdf binaries/semdelete.o
                0x0000000000103ce7                semdelete
 .text          0x0000000000103dc6       0xe3 binaries/semreset.o
                0x0000000000103dc6                semreset
 .text          0x0000000000103ea9       0xfb binaries/send.o
                0x0000000000103ea9                send
 .text          0x0000000000103fa4       0xba binaries/signal.o
                0x0000000000103fa4                signal
 .text          0x000000000010405e       0xe8 binaries/signaln.o
                0x000000000010405e                signaln
 .text          0x0000000000104146      0x10e binaries/sleep.o
                0x0000000000104146                sleep
                0x000000000010419e                sleepms
 .text          0x0000000000104254      0x1b4 binaries/stacktrace.o
                0x0000000000104254                stacktrace
 .text          0x0000000000104408       0xf5 binaries/suspend.o
                0x0000000000104408                suspend
 .text          0x00000000001044fd      0x100 binaries/unsleep.o
                0x00000000001044fd                unsleep
 .text          0x00000000001045fd       0x29 binaries/userret.o
                0x00000000001045fd                userret
 .text          0x0000000000104626       0xf5 binaries/wait.o
                0x0000000000104626                wait
 .text          0x000000000010471b       0x98 binaries/wakeup.o
                0x000000000010471b                wakeup
 .text          0x00000000001047b3       0x8c binaries/write.o
                0x00000000001047b3                write
 .text          0x000000000010483f       0x2f binaries/xdone.o
                0x000000000010483f                xdone
 .text          0x000000000010486e       0x37 binaries/yield.o
                0x000000000010486e                yield
 .text          0x00000000001048a5       0x1b binaries/abs.o
                0x00000000001048a5                abs
 .text          0x00000000001048c0       0x99 binaries/atoi.o
                0x00000000001048c0                atoi
 .text          0x0000000000104959       0x99 binaries/atol.o
                0x0000000000104959                atol
 .text          0x00000000001049f2       0x3c binaries/bzero.o
                0x00000000001049f2                bzero
 .text          0x0000000000104a2e        0x0 binaries/ctype_.o
 .text          0x0000000000104a2e      0x94d binaries/doprnt.o
                0x0000000000104a2e                _doprnt
 .text          0x000000000010537b      0x6cb binaries/doscan.o
                0x000000000010537b                _doscan
 .text.__x86.get_pc_thunk.di
                0x0000000000105a46        0x4 binaries/doscan.o
                0x0000000000105a46                __x86.get_pc_thunk.di
 .text          0x0000000000105a4a      0x76a binaries/fdoprnt.o
                0x0000000000105a4a                _fdoprnt
 .text          0x00000000001061b4       0x39 binaries/fgetc.o
                0x00000000001061b4                fgetc
 .text          0x00000000001061ed       0x84 binaries/fgets.o
                0x00000000001061ed                fgets
 .text          0x0000000000106271       0x3c binaries/fprintf.o
                0x0000000000106271                fprintf
 .text          0x00000000001062ad       0x3c binaries/fputc.o
                0x00000000001062ad                fputc
 .text          0x00000000001062e9       0x52 binaries/fputs.o
                0x00000000001062e9                fputs
 .text          0x000000000010633b       0xb8 binaries/fscanf.o
                0x000000000010633b                fscanf
 .text          0x00000000001063f3       0x46 binaries/getchar.o
                0x00000000001063f3                getchar
 .text          0x0000000000106439       0x1b binaries/labs.o
                0x0000000000106439                labs
 .text          0x0000000000106454        0x0 binaries/memchr.o
 .text          0x0000000000106454       0x5b binaries/memcmp.o
                0x0000000000106454                memcmp
 .text          0x00000000001064af       0x30 binaries/memcpy.o
                0x00000000001064af                memcpy
 .text          0x00000000001064df       0x3a binaries/memset.o
                0x00000000001064df                memset
 .text          0x0000000000106519       0x5e binaries/printf.o
                0x0000000000106519                printf
 .text          0x0000000000106577       0x49 binaries/putchar.o
                0x0000000000106577                putchar
 .text          0x00000000001065c0      0x2b7 binaries/qsort.o
                0x00000000001065c0                qsort
 .text          0x0000000000106877       0x81 binaries/rand.o
                0x0000000000106877                rand
                0x000000000010689b                rand_r
                0x00000000001068df                srand
 .text          0x00000000001068f8       0x82 binaries/sprintf.o
                0x00000000001068f8                sprintf
 .text          0x000000000010697a       0x98 binaries/sscanf.o
                0x000000000010697a                sscanf
 .text          0x0000000000106a12       0x46 binaries/strchr.o
                0x0000000000106a12                strchr
 .text          0x0000000000106a58       0x4f binaries/strcmp.o
                0x0000000000106a58                strcmp
 .text          0x0000000000106aa7       0x31 binaries/strcpy.o
                0x0000000000106aa7                strcpy
 .text          0x0000000000106ad8       0x30 binaries/strlen.o
                0x0000000000106ad8                strlen
 .text          0x0000000000106b08       0x60 binaries/strncat.o
                0x0000000000106b08                strncat
 .text          0x0000000000106b68       0x68 binaries/strncmp.o
                0x0000000000106b68                strncmp
 .text          0x0000000000106bd0       0x59 binaries/strncpy.o
                0x0000000000106bd0                strncpy
 .text          0x0000000000106c29       0x38 binaries/strnlen.o
                0x0000000000106c29                strnlen
 .text          0x0000000000106c61       0x4f binaries/strrchr.o
                0x0000000000106c61                strrchr
 .text          0x0000000000106cb0       0x78 binaries/strstr.o
                0x0000000000106cb0                strstr
 .text          0x0000000000106d28       0xfb binaries/ttycontrol.o
                0x0000000000106d28                ttycontrol
 .text          0x0000000000106e23       0xab binaries/ttygetc.o
                0x0000000000106e23                ttygetc
 .text          0x0000000000106ece      0x72b binaries/ttyhandle_in.o
                0x0000000000106ece                ttyhandle_in
 .text          0x00000000001075f9      0x1c2 binaries/ttyhandle_out.o
                0x00000000001075f9                ttyhandle_out
 .text          0x00000000001077bb       0xe7 binaries/ttyhandler.o
                0x00000000001077bb                ttyhandler
 .text          0x00000000001078a2      0x241 binaries/ttyinit.o
                0x00000000001078a2                ttyinit
 .text          0x0000000000107ae3       0x2b binaries/ttykickout.o
                0x0000000000107ae3                ttykickout
 .text          0x0000000000107b0e       0xc9 binaries/ttyputc.o
                0x0000000000107b0e                ttyputc
 .text          0x0000000000107bd7      0x12d binaries/ttyread.o
                0x0000000000107bd7                ttyread
 .text          0x0000000000107d04       0x5c binaries/ttywrite.o
                0x0000000000107d04                ttywrite
 .text          0x0000000000107d60      0x174 binaries/mount.o
                0x0000000000107d60                mount
                0x0000000000107e94                namlen
 .text          0x0000000000107ed4      0x220 binaries/naminit.o
                0x0000000000107ed4                naminit
 .text          0x00000000001080f4      0x243 binaries/nammap.o
                0x00000000001080f4                nammap
                0x0000000000108191                namrepl
                0x00000000001082dd                namcpy
 .text          0x0000000000108337       0x5d binaries/namopen.o
                0x0000000000108337                namopen
 .text          0x0000000000108394       0x14 binaries/ramclose.o
                0x0000000000108394                ramclose
 .text          0x00000000001083a8       0x58 binaries/raminit.o
                0x00000000001083a8                raminit
 .text          0x0000000000108400       0x14 binaries/ramopen.o
                0x0000000000108400                ramopen
 .text          0x0000000000108414       0x47 binaries/ramread.o
                0x0000000000108414                ramread
 .text          0x000000000010845b       0x47 binaries/ramwrite.o
                0x000000000010845b                ramwrite
 .text          0x00000000001084a2       0xc4 binaries/lfdballoc.o
                0x00000000001084a2                lfdballoc
 .text          0x0000000000108566       0x6c binaries/lfdbfree.o
                0x0000000000108566                lfdbfree
 .text          0x00000000001085d2       0xe0 binaries/lfflush.o
                0x00000000001085d2                lfflush
 .text          0x00000000001086b2       0xe2 binaries/lfgetmode.o
                0x00000000001086b2                lfgetmode
 .text          0x0000000000108794       0x92 binaries/lfiballoc.o
                0x0000000000108794                lfiballoc
 .text          0x0000000000108826       0x45 binaries/lfibclear.o
                0x0000000000108826                lfibclear
 .text          0x000000000010886b       0xbc binaries/lfibget.o
                0x000000000010886b                lfibget
 .text          0x0000000000108927       0xeb binaries/lfibput.o
                0x0000000000108927                lfibput
 .text          0x0000000000108a12       0xbb binaries/lflclose.o
                0x0000000000108a12                lflclose
 .text          0x0000000000108acd       0xef binaries/lflcontrol.o
                0x0000000000108acd                lflcontrol
 .text          0x0000000000108bbc      0x104 binaries/lflgetc.o
                0x0000000000108bbc                lflgetc
 .text          0x0000000000108cc0      0x102 binaries/lflinit.o
                0x0000000000108cc0                lflinit
 .text          0x0000000000108dc2      0x13a binaries/lflputc.o
                0x0000000000108dc2                lflputc
 .text          0x0000000000108efc       0x7f binaries/lflread.o
                0x0000000000108efc                lflread
 .text          0x0000000000108f7b       0xbe binaries/lflseek.o
                0x0000000000108f7b                lflseek
 .text          0x0000000000109039       0x64 binaries/lflwrite.o
                0x0000000000109039                lflwrite
 .text          0x000000000010909d       0x6c binaries/lfscheck.o
                0x000000000010909d                lfscheck
 .text          0x0000000000109109      0x194 binaries/lfsckfmt.o
                0x0000000000109109                lfsckfmt
 .text          0x000000000010929d      0x1be binaries/lfscreate.o
                0x000000000010929d                lfscreate
 .text          0x000000000010945b      0x2a3 binaries/lfsetup.o
                0x000000000010945b                lfsetup
 .text          0x00000000001096fe       0x81 binaries/lfsinit.o
                0x00000000001096fe                lfsinit
 .text          0x000000000010977f      0x411 binaries/lfsopen.o
                0x000000000010977f                lfsopen
 .text          0x0000000000109b90      0x18a binaries/lftruncate.o
                0x0000000000109b90                lftruncate
 .text          0x0000000000109d1a      0x14d binaries/addargs.o
                0x0000000000109d1a                addargs
 .text          0x0000000000109e67      0x2d1 binaries/lexan.o
                0x0000000000109e67                lexan
 .text          0x000000000010a138      0x6dd binaries/shell.o
                0x000000000010a138                shell
 .text          0x000000000010a815       0x7e binaries/xsh_argecho.o
                0x000000000010a815                xsh_argecho
 .text          0x000000000010a893      0x2ae binaries/xsh_cat.o
                0x000000000010a893                xsh_cat
 .text          0x000000000010ab41       0x7a binaries/xsh_clear.o
                0x000000000010ab41                xsh_clear
 .text          0x000000000010abbb      0x2e1 binaries/xsh_date.o
                0x000000000010abbb                xsh_date
 .text          0x000000000010ae9c       0xcb binaries/xsh_devdump.o
                0x000000000010ae9c                xsh_devdump
 .text          0x000000000010af67       0x87 binaries/xsh_echo.o
                0x000000000010af67                xsh_echo
 .text          0x000000000010afee       0x14 binaries/xsh_exit.o
                0x000000000010afee                xsh_exit
 .text          0x000000000010b002      0x3e9 binaries/xsh_help.o
                0x000000000010b002                xsh_help
 .text          0x000000000010b3eb      0x287 binaries/xsh_kill.o
                0x000000000010b3eb                xsh_kill
 .text          0x000000000010b672      0x5ad binaries/xsh_memdump.o
                0x000000000010b672                xsh_memdump
 .text          0x000000000010bc1f      0x316 binaries/xsh_memstat.o
                0x000000000010bc1f                xsh_memstat
 .text          0x000000000010bf35      0x27c binaries/xsh_ps.o
                0x000000000010bf35                xsh_ps
 .text          0x000000000010c1b1      0x265 binaries/xsh_sleep.o
                0x000000000010c1b1                xsh_sleep
 .text          0x000000000010c416      0x230 binaries/xsh_uptime.o
                0x000000000010c416                xsh_uptime
 .text          0x000000000010c646        0xe binaries/clkdisp.o
                0x000000000010c646                clkdisp
 .text          0x000000000010c654       0x19 binaries/ctxsw.o
                0x000000000010c654                ctxsw
 .text          0x000000000010c66d      0x2ca binaries/intr.o
                0x000000000010c66d                disable
                0x000000000010c676                restore
                0x000000000010c684                enable
                0x000000000010c686                pause
                0x000000000010c68d                halt
                0x000000000010c690                spurious_irq7
                0x000000000010c695                spurious_irq15
                0x000000000010c6a4                _Xint0
                0x000000000010c6ac                _Xint1
                0x000000000010c6b4                _Xint2
                0x000000000010c6bc                _Xint3
                0x000000000010c6c4                _Xint4
                0x000000000010c6cc                _Xint5
                0x000000000010c6d7                _Xint6
                0x000000000010c6df                _Xint7
                0x000000000010c6e7                _Xint8
                0x000000000010c6ef                _Xint9
                0x000000000010c6f7                _Xint10
                0x000000000010c6ff                _Xint11
                0x000000000010c707                _Xint12
                0x000000000010c70f                _Xint13
                0x000000000010c717                _Xint14
                0x000000000010c722                _Xint15
                0x000000000010c72d                _Xint16
                0x000000000010c738                _Xint17
                0x000000000010c743                _Xint18
                0x000000000010c74e                _Xint19
                0x000000000010c759                _Xint20
                0x000000000010c764                _Xint21
                0x000000000010c76f                _Xint22
                0x000000000010c77a                _Xint23
                0x000000000010c785                _Xint24
                0x000000000010c790                _Xint25
                0x000000000010c79b                _Xint26
                0x000000000010c7a6                _Xint27
                0x000000000010c7b1                _Xint28
                0x000000000010c7bc                _Xint29
                0x000000000010c7c7                _Xint30
                0x000000000010c7d2                _Xint31
                0x000000000010c7dd                _Xint32
                0x000000000010c7e8                _Xint33
                0x000000000010c7f3                _Xint34
                0x000000000010c7fe                _Xint35
                0x000000000010c809                _Xint36
                0x000000000010c814                _Xint37
                0x000000000010c81f                _Xint38
                0x000000000010c82a                _Xint40
                0x000000000010c835                _Xint41
                0x000000000010c840                _Xint42
                0x000000000010c84b                _Xint43
                0x000000000010c856                _Xint44
                0x000000000010c861                _Xint45
                0x000000000010c86c                _Xint46
                0x000000000010c877                defevec
 .text          0x000000000010c937       0x10 binaries/ttydispatch.o
                0x000000000010c937                ttydispatch
 *(.rodata .rodata.*)
 *fill*         0x000000000010c947        0x1 
 .rodata        0x000000000010c948       0x8e binaries/ascdate.o
 .rodata        0x000000000010c9d6       0x15 binaries/clkhandler.o
 .rodata        0x000000000010c9eb       0x52 binaries/conf.o
 .rodata        0x000000000010ca3d        0xe binaries/create.o
 *fill*         0x000000000010ca4b        0x1 
 .rodata        0x000000000010ca4c      0x231 binaries/evec.o
 *fill*         0x000000000010cc7d        0x3 
 .rodata        0x000000000010cc80      0x132 binaries/initialize.o
 *fill*         0x000000000010cdb2        0x2 
 .rodata        0x000000000010cdb4       0x20 binaries/kill.o
 .rodata        0x000000000010cdd4       0x3e binaries/meminit.o
 .rodata        0x000000000010ce12        0xf binaries/panic.o
 .rodata        0x000000000010ce21       0x1d binaries/ptinit.o
 *fill*         0x000000000010ce3e        0x2 
 .rodata        0x000000000010ce40       0x25 binaries/ptsend.o
 .rodata        0x000000000010ce65        0x8 binaries/resume.o
 *fill*         0x000000000010ce6d        0x3 
 .rodata        0x000000000010ce70       0xb7 binaries/stacktrace.o
 *fill*         0x000000000010cf27        0x1 
 .rodata        0x000000000010cf28       0x27 binaries/xdone.o
 *fill*         0x000000000010cf4f       0x11 
 .rodata        0x000000000010cf60       0x81 binaries/ctype_.o
                0x000000000010cf60                _ctype_
 *fill*         0x000000000010cfe1        0x3 
 .rodata        0x000000000010cfe4       0xee binaries/doprnt.o
 *fill*         0x000000000010d0d2        0x2 
 .rodata        0x000000000010d0d4       0x98 binaries/doscan.o
 .rodata        0x000000000010d16c       0xae binaries/fdoprnt.o
 *fill*         0x000000000010d21a        0x2 
 .rodata        0x000000000010d21c       0x20 binaries/ttycontrol.o
 .rodata        0x000000000010d23c       0x34 binaries/ttyhandler.o
 .rodata        0x000000000010d270       0x80 binaries/naminit.o
 .rodata        0x000000000010d2f0        0x9 binaries/raminit.o
 *fill*         0x000000000010d2f9        0x3 
 .rodata        0x000000000010d2fc       0x37 binaries/lfdballoc.o
 .rodata        0x000000000010d333       0x14 binaries/lfiballoc.o
 *fill*         0x000000000010d347        0x1 
 .rodata        0x000000000010d348       0x23 binaries/lflcontrol.o
 *fill*         0x000000000010d36b        0x1 
 .rodata        0x000000000010d36c      0x11b binaries/lfsckfmt.o
 *fill*         0x000000000010d487        0x1 
 .rodata        0x000000000010d488       0x2a binaries/lfsopen.o
 *fill*         0x000000000010d4b2        0x2 
 .rodata        0x000000000010d4b4      0x299 binaries/shell.o
 .rodata        0x000000000010d74d       0x28 binaries/xsh_argecho.o
 *fill*         0x000000000010d775        0x3 
 .rodata        0x000000000010d778       0xc9 binaries/xsh_cat.o
 .rodata        0x000000000010d841       0x19 binaries/xsh_clear.o
 *fill*         0x000000000010d85a        0x2 
 .rodata        0x000000000010d85c      0x1a5 binaries/xsh_date.o
 .rodata        0x000000000010da01       0x5d binaries/xsh_devdump.o
 .rodata        0x000000000010da5e        0x9 binaries/xsh_echo.o
 *fill*         0x000000000010da67        0x1 
 .rodata        0x000000000010da68      0x169 binaries/xsh_help.o
 *fill*         0x000000000010dbd1        0x3 
 .rodata        0x000000000010dbd4      0x12e binaries/xsh_kill.o
 *fill*         0x000000000010dd02        0x2 
 .rodata        0x000000000010dd04      0x266 binaries/xsh_memdump.o
 *fill*         0x000000000010df6a        0x2 
 .rodata        0x000000000010df6c      0x225 binaries/xsh_memstat.o
 *fill*         0x000000000010e191        0x3 
 .rodata        0x000000000010e194      0x1a8 binaries/xsh_ps.o
 .rodata        0x000000000010e33c       0xeb binaries/xsh_sleep.o
 *fill*         0x000000000010e427        0x1 
 .rodata        0x000000000010e428      0x105 binaries/xsh_uptime.o
                0x000000000010e52d                etext = ABSOLUTE (.)
                0x000000000010f000                . = ALIGN (0x1000)
 *fill*         0x000000000010e52d      0xad3 

.eh_frame       0x000000000010f000     0x1f54
 .eh_frame      0x000000000010f000       0x50 binaries/ascdate.o
 .eh_frame      0x000000000010f050       0x34 binaries/bufinit.o
                                         0x4c (size before relaxing)
 .eh_frame      0x000000000010f084       0x38 binaries/chprio.o
                                         0x50 (size before relaxing)
 .eh_frame      0x000000000010f0bc       0x24 binaries/clkhandler.o
                                         0x50 (size before relaxing)
 .eh_frame      0x000000000010f0e0       0x24 binaries/clkinit.o
                                         0x50 (size before relaxing)
 .eh_frame      0x000000000010f104       0x24 binaries/close.o
                                         0x50 (size before relaxing)
 .eh_frame      0x000000000010f128       0x24 binaries/control.o
                                         0x50 (size before relaxing)
 .eh_frame      0x000000000010f14c       0x48 binaries/create.o
                                         0x88 (size before relaxing)
 .eh_frame      0x000000000010f194       0x90 binaries/evec.o
                                         0xd0 (size before relaxing)
 .eh_frame      0x000000000010f224       0x24 binaries/exit.o
                                         0x50 (size before relaxing)
 .eh_frame      0x000000000010f248       0x24 binaries/freebuf.o
                                         0x50 (size before relaxing)
 .eh_frame      0x000000000010f26c       0x24 binaries/freemem.o
                                         0x50 (size before relaxing)
 .eh_frame      0x000000000010f290       0x24 binaries/getbuf.o
                                         0x50 (size before relaxing)
 .eh_frame      0x000000000010f2b4       0x24 binaries/getc.o
                                         0x50 (size before relaxing)
 .eh_frame      0x000000000010f2d8       0x24 binaries/getdev.o
                                         0x50 (size before relaxing)
 .eh_frame      0x000000000010f2fc       0x78 binaries/getitem.o
                                         0xa4 (size before relaxing)
 .eh_frame      0x000000000010f374       0x24 binaries/getmem.o
                                         0x50 (size before relaxing)
 .eh_frame      0x000000000010f398       0x20 binaries/getpid.o
                                         0x4c (size before relaxing)
 .eh_frame      0x000000000010f3b8       0x24 binaries/getprio.o
                                         0x50 (size before relaxing)
 .eh_frame      0x000000000010f3dc       0x24 binaries/getstk.o
                                         0x50 (size before relaxing)
 .eh_frame      0x000000000010f400       0x20 binaries/getticks.o
                                         0x4c (size before relaxing)
 .eh_frame      0x000000000010f420       0x20 binaries/gettime.o
                                         0x4c (size before relaxing)
 .eh_frame      0x000000000010f440       0x20 binaries/getutime.o
                                         0x4c (size before relaxing)
 .eh_frame      0x000000000010f460       0x24 binaries/init.o
                                         0x50 (size before relaxing)
 .eh_frame      0x000000000010f484       0xa4 binaries/initialize.o
                                         0xe4 (size before relaxing)
 .eh_frame      0x000000000010f528       0x24 binaries/insert.o
                                         0x50 (size before relaxing)
 .eh_frame      0x000000000010f54c       0x28 binaries/insertd.o
                                         0x54 (size before relaxing)
 .eh_frame      0x000000000010f574       0x20 binaries/ioerr.o
                                         0x4c (size before relaxing)
 .eh_frame      0x000000000010f594       0x20 binaries/ionull.o
                                         0x4c (size before relaxing)
 .eh_frame      0x000000000010f5b4       0x2c binaries/kill.o
                                         0x58 (size before relaxing)
 .eh_frame      0x000000000010f5e0       0x6c binaries/kprintf.o
                                         0xac (size before relaxing)
 .eh_frame      0x000000000010f64c       0x68 binaries/main.o
                                         0xa8 (size before relaxing)
 .eh_frame      0x000000000010f6b4       0x48 binaries/mark.o
                                         0x74 (size before relaxing)
 .eh_frame      0x000000000010f6fc       0x54 binaries/meminit.o
                                         0x94 (size before relaxing)
 .eh_frame      0x000000000010f750       0x24 binaries/mkbufpool.o
                                         0x50 (size before relaxing)
 .eh_frame      0x000000000010f774       0x24 binaries/newqueue.o
                                         0x50 (size before relaxing)
 .eh_frame      0x000000000010f798       0x24 binaries/open.o
                                         0x50 (size before relaxing)
 .eh_frame      0x000000000010f7bc       0x1c binaries/panic.o
                                         0x48 (size before relaxing)
 .eh_frame      0x000000000010f7d8       0x40 binaries/platinit.o
                                         0x6c (size before relaxing)
 .eh_frame      0x000000000010f818       0x24 binaries/ptclear.o
                                         0x50 (size before relaxing)
 .eh_frame      0x000000000010f83c       0x24 binaries/ptcount.o
                                         0x50 (size before relaxing)
 .eh_frame      0x000000000010f860       0x24 binaries/ptcreate.o
                                         0x50 (size before relaxing)
 .eh_frame      0x000000000010f884       0x24 binaries/ptdelete.o
                                         0x50 (size before relaxing)
 .eh_frame      0x000000000010f8a8       0x24 binaries/ptinit.o
                                         0x50 (size before relaxing)
 .eh_frame      0x000000000010f8cc       0x24 binaries/ptrecv.o
                                         0x50 (size before relaxing)
 .eh_frame      0x000000000010f8f0       0x24 binaries/ptreset.o
                                         0x50 (size before relaxing)
 .eh_frame      0x000000000010f914       0x24 binaries/ptsend.o
                                         0x50 (size before relaxing)
 .eh_frame      0x000000000010f938       0x24 binaries/putc.o
                                         0x50 (size before relaxing)
 .eh_frame      0x000000000010f95c       0x48 binaries/queue.o
                                         0x88 (size before relaxing)
 .eh_frame      0x000000000010f9a4       0x24 binaries/read.o
                                         0x50 (size before relaxing)
 .eh_frame      0x000000000010f9c8       0x28 binaries/ready.o
                                         0x54 (size before relaxing)
 .eh_frame      0x000000000010f9f0       0x24 binaries/receive.o
                                         0x50 (size before relaxing)
 .eh_frame      0x000000000010fa14       0x24 binaries/recvclr.o
                                         0x50 (size before relaxing)
 .eh_frame      0x000000000010fa38       0x24 binaries/recvtime.o
                                         0x50 (size before relaxing)
 .eh_frame      0x000000000010fa5c       0x48 binaries/resched.o
                                         0x88 (size before relaxing)
 .eh_frame      0x000000000010faa4       0x24 binaries/resume.o
                                         0x50 (size before relaxing)
 .eh_frame      0x000000000010fac8       0x24 binaries/seek.o
                                         0x50 (size before relaxing)
 .eh_frame      0x000000000010faec       0x24 binaries/semcount.o
                                         0x50 (size before relaxing)
 .eh_frame      0x000000000010fb10       0x48 binaries/semcreate.o
                                         0x88 (size before relaxing)
 .eh_frame      0x000000000010fb58       0x24 binaries/semdelete.o
                                         0x50 (size before relaxing)
 .eh_frame      0x000000000010fb7c       0x24 binaries/semreset.o
                                         0x50 (size before relaxing)
 .eh_frame      0x000000000010fba0       0x24 binaries/send.o
                                         0x50 (size before relaxing)
 .eh_frame      0x000000000010fbc4       0x24 binaries/signal.o
                                         0x50 (size before relaxing)
 .eh_frame      0x000000000010fbe8       0x24 binaries/signaln.o
                                         0x50 (size before relaxing)
 .eh_frame      0x000000000010fc0c       0x44 binaries/sleep.o
                                         0x84 (size before relaxing)
 .eh_frame      0x000000000010fc50       0x24 binaries/stacktrace.o
                                         0x50 (size before relaxing)
 .eh_frame      0x000000000010fc74       0x24 binaries/suspend.o
                                         0x50 (size before relaxing)
 .eh_frame      0x000000000010fc98       0x24 binaries/unsleep.o
                                         0x50 (size before relaxing)
 .eh_frame      0x000000000010fcbc       0x24 binaries/userret.o
                                         0x50 (size before relaxing)
 .eh_frame      0x000000000010fce0       0x24 binaries/wait.o
                                         0x50 (size before relaxing)
 .eh_frame      0x000000000010fd04       0x24 binaries/wakeup.o
                                         0x50 (size before relaxing)
 .eh_frame      0x000000000010fd28       0x24 binaries/write.o
                                         0x50 (size before relaxing)
 .eh_frame      0x000000000010fd4c       0x24 binaries/xdone.o
                                         0x50 (size before relaxing)
 .eh_frame      0x000000000010fd70       0x24 binaries/yield.o
                                         0x50 (size before relaxing)
 .eh_frame      0x000000000010fd94       0x20 binaries/abs.o
                                         0x4c (size before relaxing)
 .eh_frame      0x000000000010fdb4       0x20 binaries/atoi.o
                                         0x4c (size before relaxing)
 .eh_frame      0x000000000010fdd4       0x20 binaries/atol.o
                                         0x4c (size before relaxing)
 .eh_frame      0x000000000010fdf4       0x20 binaries/bzero.o
                                         0x4c (size before relaxing)
 .eh_frame      0x000000000010fe14       0xec binaries/doprnt.o
                                        0x140 (size before relaxing)
 .eh_frame      0x000000000010ff00       0xc8 binaries/doscan.o
                                         0xf4 (size before relaxing)
 .eh_frame      0x000000000010ffc8       0xcc binaries/fdoprnt.o
                                        0x10c (size before relaxing)
 .eh_frame      0x0000000000110094       0x24 binaries/fgetc.o
                                         0x50 (size before relaxing)
 .eh_frame      0x00000000001100b8       0x24 binaries/fgets.o
                                         0x50 (size before relaxing)
 .eh_frame      0x00000000001100dc       0x24 binaries/fprintf.o
                                         0x50 (size before relaxing)
 .eh_frame      0x0000000000110100       0x24 binaries/fputc.o
                                         0x50 (size before relaxing)
 .eh_frame      0x0000000000110124       0x24 binaries/fputs.o
                                         0x50 (size before relaxing)
 .eh_frame      0x0000000000110148       0x68 binaries/fscanf.o
                                         0x94 (size before relaxing)
 .eh_frame      0x00000000001101b0       0x24 binaries/getchar.o
                                         0x50 (size before relaxing)
 .eh_frame      0x00000000001101d4       0x20 binaries/labs.o
                                         0x4c (size before relaxing)
 .eh_frame      0x00000000001101f4       0x20 binaries/memcmp.o
                                         0x4c (size before relaxing)
 .eh_frame      0x0000000000110214       0x28 binaries/memcpy.o
                                         0x54 (size before relaxing)
 .eh_frame      0x000000000011023c       0x24 binaries/memset.o
                                         0x50 (size before relaxing)
 .eh_frame      0x0000000000110260       0x24 binaries/printf.o
                                         0x50 (size before relaxing)
 .eh_frame      0x0000000000110284       0x24 binaries/putchar.o
                                         0x50 (size before relaxing)
 .eh_frame      0x00000000001102a8       0xa4 binaries/qsort.o
                                         0xd0 (size before relaxing)
 .eh_frame      0x000000000011034c       0x60 binaries/rand.o
                                         0x8c (size before relaxing)
 .eh_frame      0x00000000001103ac       0x44 binaries/sprintf.o
                                         0x70 (size before relaxing)
 .eh_frame      0x00000000001103f0       0x64 binaries/sscanf.o
                                         0x90 (size before relaxing)
 .eh_frame      0x0000000000110454       0x20 binaries/strchr.o
                                         0x4c (size before relaxing)
 .eh_frame      0x0000000000110474       0x20 binaries/strcmp.o
                                         0x4c (size before relaxing)
 .eh_frame      0x0000000000110494       0x20 binaries/strcpy.o
                                         0x4c (size before relaxing)
 .eh_frame      0x00000000001104b4       0x20 binaries/strlen.o
                                         0x4c (size before relaxing)
 .eh_frame      0x00000000001104d4       0x20 binaries/strncat.o
                                         0x4c (size before relaxing)
 .eh_frame      0x00000000001104f4       0x20 binaries/strncmp.o
                                         0x4c (size before relaxing)
 .eh_frame      0x0000000000110514       0x28 binaries/strncpy.o
                                         0x54 (size before relaxing)
 .eh_frame      0x000000000011053c       0x20 binaries/strnlen.o
                                         0x4c (size before relaxing)
 .eh_frame      0x000000000011055c       0x20 binaries/strrchr.o
                                         0x4c (size before relaxing)
 .eh_frame      0x000000000011057c       0x20 binaries/strstr.o
                                         0x4c (size before relaxing)
 .eh_frame      0x000000000011059c       0x24 binaries/ttycontrol.o
                                         0x50 (size before relaxing)
 .eh_frame      0x00000000001105c0       0x24 binaries/ttygetc.o
                                         0x50 (size before relaxing)
 .eh_frame      0x00000000001105e4       0x88 binaries/ttyhandle_in.o
                                         0xdc (size before relaxing)
 .eh_frame      0x000000000011066c       0x24 binaries/ttyhandle_out.o
                                         0x50 (size before relaxing)
 .eh_frame      0x0000000000110690       0x24 binaries/ttyhandler.o
                                         0x50 (size before relaxing)
 .eh_frame      0x00000000001106b4       0x24 binaries/ttyinit.o
                                         0x50 (size before relaxing)
 .eh_frame      0x00000000001106d8       0x24 binaries/ttykickout.o
                                         0x50 (size before relaxing)
 .eh_frame      0x00000000001106fc       0x24 binaries/ttyputc.o
                                         0x50 (size before relaxing)
 .eh_frame      0x0000000000110720       0x24 binaries/ttyread.o
                                         0x50 (size before relaxing)
 .eh_frame      0x0000000000110744       0x24 binaries/ttywrite.o
                                         0x50 (size before relaxing)
 .eh_frame      0x0000000000110768       0x44 binaries/mount.o
                                         0x84 (size before relaxing)
 .eh_frame      0x00000000001107ac       0x24 binaries/naminit.o
                                         0x50 (size before relaxing)
 .eh_frame      0x00000000001107d0       0x68 binaries/nammap.o
                                         0xa8 (size before relaxing)
 .eh_frame      0x0000000000110838       0x24 binaries/namopen.o
                                         0x50 (size before relaxing)
 .eh_frame      0x000000000011085c       0x20 binaries/ramclose.o
                                         0x4c (size before relaxing)
 .eh_frame      0x000000000011087c       0x24 binaries/raminit.o
                                         0x50 (size before relaxing)
 .eh_frame      0x00000000001108a0       0x20 binaries/ramopen.o
                                         0x4c (size before relaxing)
 .eh_frame      0x00000000001108c0       0x24 binaries/ramread.o
                                         0x50 (size before relaxing)
 .eh_frame      0x00000000001108e4       0x24 binaries/ramwrite.o
                                         0x50 (size before relaxing)
 .eh_frame      0x0000000000110908       0x24 binaries/lfdballoc.o
                                         0x50 (size before relaxing)
 .eh_frame      0x000000000011092c       0x24 binaries/lfdbfree.o
                                         0x50 (size before relaxing)
 .eh_frame      0x0000000000110950       0x24 binaries/lfflush.o
                                         0x50 (size before relaxing)
 .eh_frame      0x0000000000110974       0x20 binaries/lfgetmode.o
                                         0x4c (size before relaxing)
 .eh_frame      0x0000000000110994       0x24 binaries/lfiballoc.o
                                         0x50 (size before relaxing)
 .eh_frame      0x00000000001109b8       0x20 binaries/lfibclear.o
                                         0x4c (size before relaxing)
 .eh_frame      0x00000000001109d8       0x24 binaries/lfibget.o
                                         0x50 (size before relaxing)
 .eh_frame      0x00000000001109fc       0x24 binaries/lfibput.o
                                         0x50 (size before relaxing)
 .eh_frame      0x0000000000110a20       0x24 binaries/lflclose.o
                                         0x50 (size before relaxing)
 .eh_frame      0x0000000000110a44       0x24 binaries/lflcontrol.o
                                         0x50 (size before relaxing)
 .eh_frame      0x0000000000110a68       0x24 binaries/lflgetc.o
                                         0x50 (size before relaxing)
 .eh_frame      0x0000000000110a8c       0x24 binaries/lflinit.o
                                         0x50 (size before relaxing)
 .eh_frame      0x0000000000110ab0       0x24 binaries/lflputc.o
                                         0x50 (size before relaxing)
 .eh_frame      0x0000000000110ad4       0x24 binaries/lflread.o
                                         0x50 (size before relaxing)
 .eh_frame      0x0000000000110af8       0x24 binaries/lflseek.o
                                         0x50 (size before relaxing)
 .eh_frame      0x0000000000110b1c       0x24 binaries/lflwrite.o
                                         0x50 (size before relaxing)
 .eh_frame      0x0000000000110b40       0x20 binaries/lfscheck.o
                                         0x4c (size before relaxing)
 .eh_frame      0x0000000000110b60       0x24 binaries/lfsckfmt.o
                                         0x50 (size before relaxing)
 .eh_frame      0x0000000000110b84       0x24 binaries/lfscreate.o
                                         0x50 (size before relaxing)
 .eh_frame      0x0000000000110ba8       0x24 binaries/lfsetup.o
                                         0x50 (size before relaxing)
 .eh_frame      0x0000000000110bcc       0x24 binaries/lfsinit.o
                                         0x50 (size before relaxing)
 .eh_frame      0x0000000000110bf0       0x24 binaries/lfsopen.o
                                         0x50 (size before relaxing)
 .eh_frame      0x0000000000110c14       0x24 binaries/lftruncate.o
                                         0x50 (size before relaxing)
 .eh_frame      0x0000000000110c38       0x24 binaries/addargs.o
                                         0x50 (size before relaxing)
 .eh_frame      0x0000000000110c5c       0x20 binaries/lexan.o
                                         0x4c (size before relaxing)
 .eh_frame      0x0000000000110c7c       0x2c binaries/shell.o
                                         0x58 (size before relaxing)
 .eh_frame      0x0000000000110ca8       0x24 binaries/xsh_argecho.o
                                         0x50 (size before relaxing)
 .eh_frame      0x0000000000110ccc       0x2c binaries/xsh_cat.o
                                         0x58 (size before relaxing)
 .eh_frame      0x0000000000110cf8       0x28 binaries/xsh_clear.o
                                         0x54 (size before relaxing)
 .eh_frame      0x0000000000110d20       0x2c binaries/xsh_date.o
                                         0x58 (size before relaxing)
 .eh_frame      0x0000000000110d4c       0x24 binaries/xsh_devdump.o
                                         0x50 (size before relaxing)
 .eh_frame      0x0000000000110d70       0x24 binaries/xsh_echo.o
                                         0x50 (size before relaxing)
 .eh_frame      0x0000000000110d94       0x20 binaries/xsh_exit.o
                                         0x4c (size before relaxing)
 .eh_frame      0x0000000000110db4       0x2c binaries/xsh_help.o
                                         0x58 (size before relaxing)
 .eh_frame      0x0000000000110de0       0x2c binaries/xsh_kill.o
                                         0x58 (size before relaxing)
 .eh_frame      0x0000000000110e0c       0x4c binaries/xsh_memdump.o
                                         0x8c (size before relaxing)
 .eh_frame      0x0000000000110e58       0x74 binaries/xsh_memstat.o
                                         0xa0 (size before relaxing)
 .eh_frame      0x0000000000110ecc       0x30 binaries/xsh_ps.o
                                         0x5c (size before relaxing)
 .eh_frame      0x0000000000110efc       0x2c binaries/xsh_sleep.o
                                         0x58 (size before relaxing)
 .eh_frame      0x0000000000110f28       0x2c binaries/xsh_uptime.o
                                         0x58 (size before relaxing)

.iplt           0x0000000000110f58        0x0
 .iplt          0x0000000000110f58        0x0 binaries/start.o

.rel.dyn        0x0000000000110f54        0x0
 .rel.got       0x0000000000110f54        0x0 binaries/start.o
 .rel.iplt      0x0000000000110f54        0x0 binaries/start.o
 .rel.text      0x0000000000110f54        0x0 binaries/start.o

.data           0x0000000000110f60     0x10a0
                0x0000000000110f60                data = ABSOLUTE (.)
 *(.data .data.*)
 .data          0x0000000000110f60      0x83a binaries/start.o
                0x0000000000110f60                gdt
                0x0000000000110f90                idt
                0x0000000000111796                cpudelay
 .data          0x000000000011179a        0x0 binaries/ascdate.o
 *fill*         0x000000000011179a        0x6 
 .data.rel.local
                0x00000000001117a0       0x88 binaries/ascdate.o
                0x00000000001117a0                Date
 .data          0x0000000000111828        0x0 binaries/bufinit.o
 .data          0x0000000000111828        0x0 binaries/chprio.o
 .data          0x0000000000111828        0x0 binaries/clkhandler.o
 .data          0x0000000000111828        0x0 binaries/clkinit.o
 .data          0x0000000000111828        0x0 binaries/close.o
 .data          0x0000000000111828        0x0 binaries/conf.o
 *fill*         0x0000000000111828       0x18 
 .data.rel      0x0000000000111840      0x294 binaries/conf.o
                0x0000000000111840                devtab
 .data          0x0000000000111ad4        0x0 binaries/control.o
 .data          0x0000000000111ad4        0x4 binaries/create.o
 .data          0x0000000000111ad8        0x0 binaries/evec.o
 *fill*         0x0000000000111ad8        0x8 
 .data.rel.local
                0x0000000000111ae0       0x40 binaries/evec.o
                0x0000000000111ae0                inames
 .data          0x0000000000111b20        0x0 binaries/exit.o
 .data          0x0000000000111b20        0x0 binaries/freebuf.o
 .data          0x0000000000111b20        0x0 binaries/freemem.o
 .data          0x0000000000111b20        0x0 binaries/getbuf.o
 .data          0x0000000000111b20        0x0 binaries/getc.o
 .data          0x0000000000111b20        0x0 binaries/getdev.o
 .data          0x0000000000111b20        0x0 binaries/getitem.o
 .data          0x0000000000111b20        0x0 binaries/getmem.o
 .data          0x0000000000111b20        0x0 binaries/getpid.o
 .data          0x0000000000111b20        0x0 binaries/getprio.o
 .data          0x0000000000111b20        0x0 binaries/getstk.o
 .data          0x0000000000111b20        0x0 binaries/getticks.o
 .data          0x0000000000111b20        0x0 binaries/gettime.o
 .data          0x0000000000111b20        0x0 binaries/getutime.o
 .data          0x0000000000111b20        0x0 binaries/init.o
 .data          0x0000000000111b20        0x0 binaries/initialize.o
 .data          0x0000000000111b20        0x0 binaries/insert.o
 .data          0x0000000000111b20        0x0 binaries/insertd.o
 .data          0x0000000000111b20        0x0 binaries/ioerr.o
 .data          0x0000000000111b20        0x0 binaries/ionull.o
 .data          0x0000000000111b20        0x0 binaries/kill.o
 .data          0x0000000000111b20        0x0 binaries/kprintf.o
 .data          0x0000000000111b20        0x0 binaries/main.o
 .data          0x0000000000111b20        0x0 binaries/mark.o
 .data          0x0000000000111b20       0x40 binaries/meminit.o
                0x0000000000111b20                bootsign
                0x0000000000111b24                bootinfo
                0x0000000000111b40                gdt_copy
 .data          0x0000000000111b60        0x0 binaries/mkbufpool.o
 .data          0x0000000000111b60        0x2 binaries/newqueue.o
 .data          0x0000000000111b62        0x0 binaries/open.o
 .data          0x0000000000111b62        0x0 binaries/panic.o
 .data          0x0000000000111b62        0x0 binaries/platinit.o
 .data          0x0000000000111b62        0x0 binaries/ptclear.o
 .data          0x0000000000111b62        0x0 binaries/ptcount.o
 .data          0x0000000000111b62        0x0 binaries/ptcreate.o
 .data          0x0000000000111b62        0x0 binaries/ptdelete.o
 .data          0x0000000000111b62        0x0 binaries/ptinit.o
 .data          0x0000000000111b62        0x0 binaries/ptrecv.o
 .data          0x0000000000111b62        0x0 binaries/ptreset.o
 .data          0x0000000000111b62        0x0 binaries/ptsend.o
 .data          0x0000000000111b62        0x0 binaries/putc.o
 .data          0x0000000000111b62        0x0 binaries/queue.o
 .data          0x0000000000111b62        0x0 binaries/read.o
 .data          0x0000000000111b62        0x0 binaries/ready.o
 .data          0x0000000000111b62        0x0 binaries/receive.o
 .data          0x0000000000111b62        0x0 binaries/recvclr.o
 .data          0x0000000000111b62        0x0 binaries/recvtime.o
 .data          0x0000000000111b62        0x0 binaries/resched.o
 .data          0x0000000000111b62        0x0 binaries/resume.o
 .data          0x0000000000111b62        0x0 binaries/seek.o
 .data          0x0000000000111b62        0x0 binaries/semcount.o
 .data          0x0000000000111b62        0x0 binaries/semcreate.o
 .data          0x0000000000111b62        0x0 binaries/semdelete.o
 .data          0x0000000000111b62        0x0 binaries/semreset.o
 .data          0x0000000000111b62        0x0 binaries/send.o
 .data          0x0000000000111b62        0x0 binaries/signal.o
 .data          0x0000000000111b62        0x0 binaries/signaln.o
 .data          0x0000000000111b62        0x0 binaries/sleep.o
 .data          0x0000000000111b62        0x0 binaries/stacktrace.o
 .data          0x0000000000111b62        0x0 binaries/suspend.o
 .data          0x0000000000111b62        0x0 binaries/unsleep.o
 .data          0x0000000000111b62        0x0 binaries/userret.o
 .data          0x0000000000111b62        0x0 binaries/wait.o
 .data          0x0000000000111b62        0x0 binaries/wakeup.o
 .data          0x0000000000111b62        0x0 binaries/write.o
 .data          0x0000000000111b62        0x0 binaries/xdone.o
 .data          0x0000000000111b62        0x0 binaries/yield.o
 .data          0x0000000000111b62        0x0 binaries/abs.o
 .data          0x0000000000111b62        0x0 binaries/atoi.o
 .data          0x0000000000111b62        0x0 binaries/atol.o
 .data          0x0000000000111b62        0x0 binaries/bzero.o
 .data          0x0000000000111b62        0x0 binaries/ctype_.o
 .data          0x0000000000111b62        0x0 binaries/doprnt.o
 *fill*         0x0000000000111b62       0x1e 
 .data          0x0000000000111b80       0x80 binaries/doscan.o
                0x0000000000111b80                _sctab
 .data          0x0000000000111c00        0x0 binaries/fdoprnt.o
 .data          0x0000000000111c00        0x0 binaries/fgetc.o
 .data          0x0000000000111c00        0x0 binaries/fgets.o
 .data          0x0000000000111c00        0x0 binaries/fprintf.o
 .data          0x0000000000111c00        0x0 binaries/fputc.o
 .data          0x0000000000111c00        0x0 binaries/fputs.o
 .data          0x0000000000111c00        0x0 binaries/fscanf.o
 .data          0x0000000000111c00        0x0 binaries/getchar.o
 .data          0x0000000000111c00        0x0 binaries/labs.o
 .data          0x0000000000111c00        0x0 binaries/memchr.o
 .data          0x0000000000111c00        0x0 binaries/memcmp.o
 .data          0x0000000000111c00        0x0 binaries/memcpy.o
 .data          0x0000000000111c00        0x0 binaries/memset.o
 .data          0x0000000000111c00        0x0 binaries/printf.o
 .data          0x0000000000111c00        0x0 binaries/putchar.o
 .data          0x0000000000111c00        0x0 binaries/qsort.o
 .data          0x0000000000111c00        0x4 binaries/rand.o
 .data          0x0000000000111c04        0x0 binaries/sprintf.o
 .data          0x0000000000111c04        0x0 binaries/sscanf.o
 .data          0x0000000000111c04        0x0 binaries/strchr.o
 .data          0x0000000000111c04        0x0 binaries/strcmp.o
 .data          0x0000000000111c04        0x0 binaries/strcpy.o
 .data          0x0000000000111c04        0x0 binaries/strlen.o
 .data          0x0000000000111c04        0x0 binaries/strncat.o
 .data          0x0000000000111c04        0x0 binaries/strncmp.o
 .data          0x0000000000111c04        0x0 binaries/strncpy.o
 .data          0x0000000000111c04        0x0 binaries/strnlen.o
 .data          0x0000000000111c04        0x0 binaries/strrchr.o
 .data          0x0000000000111c04        0x0 binaries/strstr.o
 .data          0x0000000000111c04        0x0 binaries/ttycontrol.o
 .data          0x0000000000111c04        0x0 binaries/ttygetc.o
 .data          0x0000000000111c04        0x0 binaries/ttyhandle_in.o
 .data          0x0000000000111c04        0x0 binaries/ttyhandle_out.o
 .data          0x0000000000111c04        0x0 binaries/ttyhandler.o
 .data          0x0000000000111c04        0x0 binaries/ttyinit.o
 .data          0x0000000000111c04        0x0 binaries/ttykickout.o
 .data          0x0000000000111c04        0x0 binaries/ttyputc.o
 .data          0x0000000000111c04        0x0 binaries/ttyread.o
 .data          0x0000000000111c04        0x0 binaries/ttywrite.o
 .data          0x0000000000111c04        0x0 binaries/mount.o
 .data          0x0000000000111c04        0x0 binaries/naminit.o
 .data          0x0000000000111c04        0x0 binaries/nammap.o
 .data          0x0000000000111c04        0x0 binaries/namopen.o
 .data          0x0000000000111c04        0x0 binaries/ramclose.o
 .data          0x0000000000111c04        0x0 binaries/raminit.o
 .data          0x0000000000111c04        0x0 binaries/ramopen.o
 .data          0x0000000000111c04        0x0 binaries/ramread.o
 .data          0x0000000000111c04        0x0 binaries/ramwrite.o
 .data          0x0000000000111c04        0x0 binaries/lfdballoc.o
 .data          0x0000000000111c04        0x0 binaries/lfdbfree.o
 .data          0x0000000000111c04        0x0 binaries/lfflush.o
 .data          0x0000000000111c04        0x0 binaries/lfgetmode.o
 .data          0x0000000000111c04        0x0 binaries/lfiballoc.o
 .data          0x0000000000111c04        0x0 binaries/lfibclear.o
 .data          0x0000000000111c04        0x0 binaries/lfibget.o
 .data          0x0000000000111c04        0x0 binaries/lfibput.o
 .data          0x0000000000111c04        0x0 binaries/lflclose.o
 .data          0x0000000000111c04        0x0 binaries/lflcontrol.o
 .data          0x0000000000111c04        0x0 binaries/lflgetc.o
 .data          0x0000000000111c04        0x0 binaries/lflinit.o
 .data          0x0000000000111c04        0x0 binaries/lflputc.o
 .data          0x0000000000111c04        0x0 binaries/lflread.o
 .data          0x0000000000111c04        0x0 binaries/lflseek.o
 .data          0x0000000000111c04        0x0 binaries/lflwrite.o
 .data          0x0000000000111c04        0x0 binaries/lfscheck.o
 .data          0x0000000000111c04        0x0 binaries/lfsckfmt.o
 .data          0x0000000000111c04        0x0 binaries/lfscreate.o
 .data          0x0000000000111c04        0x0 binaries/lfsetup.o
 .data          0x0000000000111c04        0x0 binaries/lfsinit.o
 .data          0x0000000000111c04        0x0 binaries/lfsopen.o
 .data          0x0000000000111c04        0x0 binaries/lftruncate.o
 .data          0x0000000000111c04        0x0 binaries/addargs.o
 .data          0x0000000000111c04        0x0 binaries/lexan.o
 .data          0x0000000000111c04        0x4 binaries/shell.o
                0x0000000000111c04                ncmd
 *fill*         0x0000000000111c08       0x18 
 .data.rel.ro   0x0000000000111c20       0xb4 binaries/shell.o
                0x0000000000111c20                cmdtab
 .data          0x0000000000111cd4        0x0 binaries/xsh_argecho.o
 .data          0x0000000000111cd4        0x0 binaries/xsh_cat.o
 .data          0x0000000000111cd4        0x0 binaries/xsh_clear.o
 .data          0x0000000000111cd4        0x0 binaries/xsh_date.o
 .data          0x0000000000111cd4        0x0 binaries/xsh_devdump.o
 .data          0x0000000000111cd4        0x0 binaries/xsh_echo.o
 .data          0x0000000000111cd4        0x0 binaries/xsh_exit.o
 .data          0x0000000000111cd4        0x0 binaries/xsh_help.o
 .data          0x0000000000111cd4        0x0 binaries/xsh_kill.o
 .data          0x0000000000111cd4        0x0 binaries/xsh_memdump.o
 .data          0x0000000000111cd4        0x0 binaries/xsh_memstat.o
 *fill*         0x0000000000111cd4        0xc 
 .data          0x0000000000111ce0       0x20 binaries/xsh_ps.o
 .data          0x0000000000111d00        0x0 binaries/xsh_sleep.o
 .data          0x0000000000111d00        0x0 binaries/xsh_uptime.o
 .data          0x0000000000111d00        0x0 binaries/clkdisp.o
 .data          0x0000000000111d00        0x0 binaries/ctxsw.o
 .data          0x0000000000111d00        0x0 binaries/intr.o
                0x0000000000111d00                _saveint
 .data          0x0000000000111d00        0x0 binaries/ttydispatch.o
                0x0000000000111d00                edata = ABSOLUTE (.)
                0x0000000000112000                . = ALIGN (0x1000)
 *fill*         0x0000000000111d00      0x300 

.got            0x0000000000112000        0x0
 .got           0x0000000000112000        0x0 binaries/start.o

.got.plt        0x0000000000112000        0xc
 .got.plt       0x0000000000112000        0xc binaries/start.o
                0x0000000000112000                _GLOBAL_OFFSET_TABLE_

.igot.plt       0x000000000011200c        0x0
 .igot.plt      0x000000000011200c        0x0 binaries/start.o

.bss            0x0000000000112020    0x1efe0
                0x0000000000112020                bss = ABSOLUTE (.)
 *(.bss .bss.*)
 .bss           0x0000000000112020        0x0 binaries/start.o
 .bss           0x0000000000112020        0x0 binaries/ascdate.o
 .bss           0x0000000000112020        0x0 binaries/bufinit.o
 .bss           0x0000000000112020        0x0 binaries/chprio.o
 .bss           0x0000000000112020        0x0 binaries/clkhandler.o
 .bss           0x0000000000112020        0x0 binaries/clkinit.o
 .bss           0x0000000000112020        0x0 binaries/close.o
 .bss           0x0000000000112020        0x0 binaries/conf.o
 .bss           0x0000000000112020        0x0 binaries/control.o
 .bss           0x0000000000112020        0x0 binaries/create.o
 .bss           0x0000000000112020        0x0 binaries/evec.o
 .bss           0x0000000000112020        0x0 binaries/exit.o
 .bss           0x0000000000112020        0x0 binaries/freebuf.o
 .bss           0x0000000000112020        0x0 binaries/freemem.o
 .bss           0x0000000000112020        0x0 binaries/getbuf.o
 .bss           0x0000000000112020        0x0 binaries/getc.o
 .bss           0x0000000000112020        0x0 binaries/getdev.o
 .bss           0x0000000000112020        0x0 binaries/getitem.o
 .bss           0x0000000000112020        0x0 binaries/getmem.o
 .bss           0x0000000000112020        0x0 binaries/getpid.o
 .bss           0x0000000000112020        0x0 binaries/getprio.o
 .bss           0x0000000000112020        0x0 binaries/getstk.o
 .bss           0x0000000000112020        0x0 binaries/getticks.o
 .bss           0x0000000000112020        0x0 binaries/gettime.o
 .bss           0x0000000000112020        0x0 binaries/getutime.o
 .bss           0x0000000000112020        0x0 binaries/init.o
 .bss           0x0000000000112020        0x0 binaries/initialize.o
 .bss           0x0000000000112020        0x0 binaries/insert.o
 .bss           0x0000000000112020        0x0 binaries/insertd.o
 .bss           0x0000000000112020        0x0 binaries/ioerr.o
 .bss           0x0000000000112020        0x0 binaries/ionull.o
 .bss           0x0000000000112020        0x0 binaries/kill.o
 .bss           0x0000000000112020        0x0 binaries/kprintf.o
 .bss           0x0000000000112020        0x0 binaries/main.o
 .bss           0x0000000000112020        0x0 binaries/mark.o
 .bss           0x0000000000112020        0x0 binaries/meminit.o
 .bss           0x0000000000112020        0x0 binaries/mkbufpool.o
 .bss           0x0000000000112020        0x0 binaries/newqueue.o
 .bss           0x0000000000112020        0x0 binaries/open.o
 .bss           0x0000000000112020        0x0 binaries/panic.o
 .bss           0x0000000000112020        0x0 binaries/platinit.o
 .bss           0x0000000000112020        0x0 binaries/ptclear.o
 .bss           0x0000000000112020        0x0 binaries/ptcount.o
 .bss           0x0000000000112020        0x0 binaries/ptcreate.o
 .bss           0x0000000000112020        0x0 binaries/ptdelete.o
 .bss           0x0000000000112020        0x0 binaries/ptinit.o
 .bss           0x0000000000112020        0x0 binaries/ptrecv.o
 .bss           0x0000000000112020        0x0 binaries/ptreset.o
 .bss           0x0000000000112020        0x0 binaries/ptsend.o
 .bss           0x0000000000112020        0x0 binaries/putc.o
 .bss           0x0000000000112020        0x0 binaries/queue.o
 .bss           0x0000000000112020        0x0 binaries/read.o
 .bss           0x0000000000112020        0x0 binaries/ready.o
 .bss           0x0000000000112020        0x0 binaries/receive.o
 .bss           0x0000000000112020        0x0 binaries/recvclr.o
 .bss           0x0000000000112020        0x0 binaries/recvtime.o
 .bss           0x0000000000112020        0x0 binaries/resched.o
 .bss           0x0000000000112020        0x0 binaries/resume.o
 .bss           0x0000000000112020        0x0 binaries/seek.o
 .bss           0x0000000000112020        0x0 binaries/semcount.o
 .bss           0x0000000000112020        0x4 binaries/semcreate.o
 .bss           0x0000000000112024        0x0 binaries/semdelete.o
 .bss           0x0000000000112024        0x0 binaries/semreset.o
 .bss           0x0000000000112024        0x0 binaries/send.o
 .bss           0x0000000000112024        0x0 binaries/signal.o
 .bss           0x0000000000112024        0x0 binaries/signaln.o
 .bss           0x0000000000112024        0x0 binaries/sleep.o
 .bss           0x0000000000112024        0x0 binaries/stacktrace.o
 .bss           0x0000000000112024        0x0 binaries/suspend.o
 .bss           0x0000000000112024        0x0 binaries/unsleep.o
 .bss           0x0000000000112024        0x0 binaries/userret.o
 .bss           0x0000000000112024        0x0 binaries/wait.o
 .bss           0x0000000000112024        0x0 binaries/wakeup.o
 .bss           0x0000000000112024        0x0 binaries/write.o
 .bss           0x0000000000112024        0x0 binaries/xdone.o
 .bss           0x0000000000112024        0x0 binaries/yield.o
 .bss           0x0000000000112024        0x0 binaries/abs.o
 .bss           0x0000000000112024        0x0 binaries/atoi.o
 .bss           0x0000000000112024        0x0 binaries/atol.o
 .bss           0x0000000000112024        0x0 binaries/bzero.o
 .bss           0x0000000000112024        0x0 binaries/ctype_.o
 .bss           0x0000000000112024        0x0 binaries/doprnt.o
 .bss           0x0000000000112024        0x0 binaries/doscan.o
 .bss           0x0000000000112024        0x0 binaries/fdoprnt.o
 .bss           0x0000000000112024        0x0 binaries/fgetc.o
 .bss           0x0000000000112024        0x0 binaries/fgets.o
 .bss           0x0000000000112024        0x0 binaries/fprintf.o
 .bss           0x0000000000112024        0x0 binaries/fputc.o
 .bss           0x0000000000112024        0x0 binaries/fputs.o
 .bss           0x0000000000112024        0x0 binaries/fscanf.o
 .bss           0x0000000000112024        0x0 binaries/getchar.o
 .bss           0x0000000000112024        0x0 binaries/labs.o
 .bss           0x0000000000112024        0x0 binaries/memchr.o
 .bss           0x0000000000112024        0x0 binaries/memcmp.o
 .bss           0x0000000000112024        0x0 binaries/memcpy.o
 .bss           0x0000000000112024        0x0 binaries/memset.o
 .bss           0x0000000000112024        0x0 binaries/printf.o
 .bss           0x0000000000112024        0x0 binaries/putchar.o
 .bss           0x0000000000112024        0x8 binaries/qsort.o
 .bss           0x000000000011202c        0x0 binaries/rand.o
 .bss           0x000000000011202c        0x0 binaries/sprintf.o
 .bss           0x000000000011202c        0x0 binaries/sscanf.o
 .bss           0x000000000011202c        0x0 binaries/strchr.o
 .bss           0x000000000011202c        0x0 binaries/strcmp.o
 .bss           0x000000000011202c        0x0 binaries/strcpy.o
 .bss           0x000000000011202c        0x0 binaries/strlen.o
 .bss           0x000000000011202c        0x0 binaries/strncat.o
 .bss           0x000000000011202c        0x0 binaries/strncmp.o
 .bss           0x000000000011202c        0x0 binaries/strncpy.o
 .bss           0x000000000011202c        0x0 binaries/strnlen.o
 .bss           0x000000000011202c        0x0 binaries/strrchr.o
 .bss           0x000000000011202c        0x0 binaries/strstr.o
 .bss           0x000000000011202c        0x0 binaries/ttycontrol.o
 .bss           0x000000000011202c        0x0 binaries/ttygetc.o
 .bss           0x000000000011202c        0x0 binaries/ttyhandle_in.o
 .bss           0x000000000011202c        0x0 binaries/ttyhandle_out.o
 .bss           0x000000000011202c        0x0 binaries/ttyhandler.o
 .bss           0x000000000011202c        0x0 binaries/ttyinit.o
 .bss           0x000000000011202c        0x0 binaries/ttykickout.o
 .bss           0x000000000011202c        0x0 binaries/ttyputc.o
 .bss           0x000000000011202c        0x0 binaries/ttyread.o
 .bss           0x000000000011202c        0x0 binaries/ttywrite.o
 .bss           0x000000000011202c        0x0 binaries/mount.o
 .bss           0x000000000011202c        0x0 binaries/naminit.o
 .bss           0x000000000011202c        0x0 binaries/nammap.o
 .bss           0x000000000011202c        0x0 binaries/namopen.o
 .bss           0x000000000011202c        0x0 binaries/ramclose.o
 .bss           0x000000000011202c        0x0 binaries/raminit.o
 .bss           0x000000000011202c        0x0 binaries/ramopen.o
 .bss           0x000000000011202c        0x0 binaries/ramread.o
 .bss           0x000000000011202c        0x0 binaries/ramwrite.o
 .bss           0x000000000011202c        0x0 binaries/lfdballoc.o
 .bss           0x000000000011202c        0x0 binaries/lfdbfree.o
 .bss           0x000000000011202c        0x0 binaries/lfflush.o
 .bss           0x000000000011202c        0x0 binaries/lfgetmode.o
 .bss           0x000000000011202c        0x0 binaries/lfiballoc.o
 .bss           0x000000000011202c        0x0 binaries/lfibclear.o
 .bss           0x000000000011202c        0x0 binaries/lfibget.o
 .bss           0x000000000011202c        0x0 binaries/lfibput.o
 .bss           0x000000000011202c        0x0 binaries/lflclose.o
 .bss           0x000000000011202c        0x0 binaries/lflcontrol.o
 .bss           0x000000000011202c        0x0 binaries/lflgetc.o
 .bss           0x000000000011202c        0x0 binaries/lflinit.o
 .bss           0x000000000011202c        0x0 binaries/lflputc.o
 .bss           0x000000000011202c        0x0 binaries/lflread.o
 .bss           0x000000000011202c        0x0 binaries/lflseek.o
 .bss           0x000000000011202c        0x0 binaries/lflwrite.o
 .bss           0x000000000011202c        0x0 binaries/lfscheck.o
 .bss           0x000000000011202c        0x0 binaries/lfsckfmt.o
 .bss           0x000000000011202c        0x0 binaries/lfscreate.o
 .bss           0x000000000011202c        0x0 binaries/lfsetup.o
 .bss           0x000000000011202c        0x0 binaries/lfsinit.o
 .bss           0x000000000011202c        0x0 binaries/lfsopen.o
 .bss           0x000000000011202c        0x0 binaries/lftruncate.o
 .bss           0x000000000011202c        0x0 binaries/addargs.o
 .bss           0x000000000011202c        0x0 binaries/lexan.o
 .bss           0x000000000011202c        0x0 binaries/shell.o
 .bss           0x000000000011202c        0x0 binaries/xsh_argecho.o
 .bss           0x000000000011202c        0x0 binaries/xsh_cat.o
 .bss           0x000000000011202c        0x0 binaries/xsh_clear.o
 .bss           0x000000000011202c        0x0 binaries/xsh_date.o
 .bss           0x000000000011202c        0x0 binaries/xsh_devdump.o
 .bss           0x000000000011202c        0x0 binaries/xsh_echo.o
 .bss           0x000000000011202c        0x0 binaries/xsh_exit.o
 .bss           0x000000000011202c        0x0 binaries/xsh_help.o
 .bss           0x000000000011202c        0x0 binaries/xsh_kill.o
 .bss           0x000000000011202c        0x0 binaries/xsh_memdump.o
 .bss           0x000000000011202c        0x0 binaries/xsh_memstat.o
 .bss           0x000000000011202c        0x0 binaries/xsh_ps.o
 .bss           0x000000000011202c        0x0 binaries/xsh_sleep.o
 .bss           0x000000000011202c        0x0 binaries/xsh_uptime.o
 .bss           0x000000000011202c        0x0 binaries/clkdisp.o
 .bss           0x000000000011202c        0x0 binaries/ctxsw.o
 .bss           0x000000000011202c        0x0 binaries/intr.o
 .bss           0x000000000011202c        0x0 binaries/ttydispatch.o
 *(COMMON)
 *fill*         0x000000000011202c       0x14 
 COMMON         0x0000000000112040       0xf4 binaries/bufinit.o
                0x0000000000112040                buftab
                0x0000000000112130                nbpools
 COMMON         0x0000000000112134       0x10 binaries/clkinit.o
                0x0000000000112134                sleepq
                0x0000000000112138                preempt
                0x000000000011213c                count1000
                0x0000000000112140                clktime
 COMMON         0x0000000000112144        0x2 binaries/evec.o
                0x0000000000112144                girmask
 *fill*         0x0000000000112146       0x1a 
 COMMON         0x0000000000112160     0x1ad8 binaries/initialize.o
                0x0000000000112160                currpid
                0x0000000000112180                proctab
                0x0000000000113760                prcount
                0x0000000000113780                semtab
                0x0000000000113c30                memlist
 COMMON         0x0000000000113c38        0x8 binaries/main.o
                0x0000000000113c38                apid
                0x0000000000113c3c                bpid
 COMMON         0x0000000000113c40       0x58 binaries/mark.o
                0x0000000000113c40                marks
                0x0000000000113c90                nmarks
                0x0000000000113c94                mkmutex
 COMMON         0x0000000000113c98        0x8 binaries/meminit.o
                0x0000000000113c98                minheap
                0x0000000000113c9c                maxheap
 COMMON         0x0000000000113ca0      0x2d8 binaries/ptinit.o
                0x0000000000113ca0                porttab
                0x0000000000113f70                ptnextid
                0x0000000000113f74                ptfree
 *fill*         0x0000000000113f78        0x8 
 COMMON         0x0000000000113f80      0x980 binaries/queue.o
                0x0000000000113f80                queuetab
 COMMON         0x0000000000114900        0x2 binaries/ready.o
                0x0000000000114900                readylist
 *fill*         0x0000000000114902        0x2 
 COMMON         0x0000000000114904        0x8 binaries/resched.o
                0x0000000000114904                Defer
 *fill*         0x000000000011490c       0x14 
 COMMON         0x0000000000114920      0x110 binaries/ttyinit.o
                0x0000000000114920                ttytab
 *fill*         0x0000000000114a30       0x10 
 COMMON         0x0000000000114a40     0x19c0 binaries/naminit.o
                0x0000000000114a40                nnames
                0x0000000000114a60                nametab
 COMMON         0x0000000000116400    0x19000 binaries/raminit.o
                0x0000000000116400                Ram
 COMMON         0x000000000012f400      0xf00 binaries/lflinit.o
                0x000000000012f400                lfltab
 COMMON         0x0000000000130300      0x20c binaries/lfsinit.o
                0x0000000000130300                Lf_data
                0x000000000013050c                ebss = ABSOLUTE (.)
                0x0000000000131000                . = ALIGN (0x1000)
 *fill*         0x000000000013050c      0xaf4 
 */()
                0x0000000000131000                end = ABSOLUTE (.)
                0x0000000000131000                _end = ABSOLUTE (.)
                0x0000000000131000                . = ALIGN (0x1000)
LOAD binaries/start.o
LOAD binaries/ascdate.o
LOAD binaries/bufinit.o
LOAD binaries/chprio.o
LOAD binaries/clkhandler.o
LOAD binaries/clkinit.o
LOAD binaries/close.o
LOAD binaries/conf.o
LOAD binaries/control.o
LOAD binaries/create.o
LOAD binaries/evec.o
LOAD binaries/exit.o
LOAD binaries/freebuf.o
LOAD binaries/freemem.o
LOAD binaries/getbuf.o
LOAD binaries/getc.o
LOAD binaries/getdev.o
LOAD binaries/getitem.o
LOAD binaries/getmem.o
LOAD binaries/getpid.o
LOAD binaries/getprio.o
LOAD binaries/getstk.o
LOAD binaries/getticks.o
LOAD binaries/gettime.o
LOAD binaries/getutime.o
LOAD binaries/init.o
LOAD binaries/initialize.o
LOAD binaries/insert.o
LOAD binaries/insertd.o
LOAD binaries/ioerr.o
LOAD binaries/ionull.o
LOAD binaries/kill.o
LOAD binaries/kprintf.o
LOAD binaries/main.o
LOAD binaries/mark.o
LOAD binaries/meminit.o
LOAD binaries/mkbufpool.o
LOAD binaries/newqueue.o
LOAD binaries/open.o
LOAD binaries/panic.o
LOAD binaries/platinit.o
LOAD binaries/ptclear.o
LOAD binaries/ptcount.o
LOAD binaries/ptcreate.o
LOAD binaries/ptdelete.o
LOAD binaries/ptinit.o
LOAD binaries/ptrecv.o
LOAD binaries/ptreset.o
LOAD binaries/ptsend.o
LOAD binaries/putc.o
LOAD binaries/queue.o
LOAD binaries/read.o
LOAD binaries/ready.o
LOAD binaries/receive.o
LOAD binaries/recvclr.o
LOAD binaries/recvtime.o
LOAD binaries/resched.o
LOAD binaries/resume.o
LOAD binaries/seek.o
LOAD binaries/semcount.o
LOAD binaries/semcreate.o
LOAD binaries/semdelete.o
LOAD binaries/semreset.o
LOAD binaries/send.o
LOAD binaries/signal.o
LOAD binaries/signaln.o
LOAD binaries/sleep.o
LOAD binaries/stacktrace.o
LOAD binaries/suspend.o
LOAD binaries/unsleep.o
LOAD binaries/userret.o
LOAD binaries/wait.o
LOAD binaries/wakeup.o
LOAD binaries/write.o
LOAD binaries/xdone.o
LOAD binaries/yield.o
LOAD binaries/abs.o
LOAD binaries/atoi.o
LOAD binaries/atol.o
LOAD binaries/bzero.o
LOAD binaries/ctype_.o
LOAD binaries/doprnt.o
LOAD binaries/doscan.o
LOAD binaries/fdoprnt.o
LOAD binaries/fgetc.o
LOAD binaries/fgets.o
LOAD binaries/fprintf.o
LOAD binaries/fputc.o
LOAD binaries/fputs.o
LOAD binaries/fscanf.o
LOAD binaries/getchar.o
LOAD binaries/labs.o
LOAD binaries/memchr.o
LOAD binaries/memcmp.o
LOAD binaries/memcpy.o
LOAD binaries/memset.o
LOAD binaries/printf.o
LOAD binaries/putchar.o
LOAD binaries/qsort.o
LOAD binaries/rand.o
LOAD binaries/sprintf.o
LOAD binaries/sscanf.o
LOAD binaries/strchr.o
LOAD binaries/strcmp.o
LOAD binaries/strcpy.o
LOAD binaries/strlen.o
LOAD binaries/strncat.o
LOAD binaries/strncmp.o
LOAD binaries/strncpy.o
LOAD binaries/strnlen.o
LOAD binaries/strrchr.o
LOAD binaries/strstr.o
LOAD binaries/ttycontrol.o
LOAD binaries/ttygetc.o
LOAD binaries/ttyhandle_in.o
LOAD binaries/ttyhandle_out.o
LOAD binaries/ttyhandler.o
LOAD binaries/ttyinit.o
LOAD binaries/ttykickout.o
LOAD binaries/ttyputc.o
LOAD binaries/ttyread.o
LOAD binaries/ttywrite.o
LOAD binaries/mount.o
LOAD binaries/naminit.o
LOAD binaries/nammap.o
LOAD binaries/namopen.o
LOAD binaries/ramclose.o
LOAD binaries/raminit.o
LOAD binaries/ramopen.o
LOAD binaries/ramread.o
LOAD binaries/ramwrite.o
LOAD binaries/lfdballoc.o
LOAD binaries/lfdbfree.o
LOAD binaries/lfflush.o
LOAD binaries/lfgetmode.o
LOAD binaries/lfiballoc.o
LOAD binaries/lfibclear.o
LOAD binaries/lfibget.o
LOAD binaries/lfibput.o
LOAD binaries/lflclose.o
LOAD binaries/lflcontrol.o
LOAD binaries/lflgetc.o
LOAD binaries/lflinit.o
LOAD binaries/lflputc.o
LOAD binaries/lflread.o
LOAD binaries/lflseek.o
LOAD binaries/lflwrite.o
LOAD binaries/lfscheck.o
LOAD binaries/lfsckfmt.o
LOAD binaries/lfscreate.o
LOAD binaries/lfsetup.o
LOAD binaries/lfsinit.o
LOAD binaries/lfsopen.o
LOAD binaries/lftruncate.o
LOAD binaries/addargs.o
LOAD binaries/lexan.o
LOAD binaries/shell.o
LOAD binaries/xsh_argecho.o
LOAD binaries/xsh_cat.o
LOAD binaries/xsh_clear.o
LOAD binaries/xsh_date.o
LOAD binaries/xsh_devdump.o
LOAD binaries/xsh_echo.o
LOAD binaries/xsh_exit.o
LOAD binaries/xsh_help.o
LOAD binaries/xsh_kill.o
LOAD binaries/xsh_memdump.o
LOAD binaries/xsh_memstat.o
LOAD binaries/xsh_ps.o
LOAD binaries/xsh_sleep.o
LOAD binaries/xsh_uptime.o
LOAD binaries/clkdisp.o
LOAD binaries/ctxsw.o
LOAD binaries/intr.o
LOAD binaries/ttydispatch.o
OUTPUT(../compile/xinu.elf elf32-i386)

.comment        0x0000000000000000       0x29
 .comment       0x0000000000000000       0x29 binaries/ascdate.o
                                         0x2a (size before relaxing)
 .comment       0x0000000000000029       0x2a binaries/bufinit.o
 .comment       0x0000000000000029       0x2a binaries/chprio.o
 .comment       0x0000000000000029       0x2a binaries/clkhandler.o
 .comment       0x0000000000000029       0x2a binaries/clkinit.o
 .comment       0x0000000000000029       0x2a binaries/close.o
 .comment       0x0000000000000029       0x2a binaries/conf.o
 .comment       0x0000000000000029       0x2a binaries/control.o
 .comment       0x0000000000000029       0x2a binaries/create.o
 .comment       0x0000000000000029       0x2a binaries/evec.o
 .comment       0x0000000000000029       0x2a binaries/exit.o
 .comment       0x0000000000000029       0x2a binaries/freebuf.o
 .comment       0x0000000000000029       0x2a binaries/freemem.o
 .comment       0x0000000000000029       0x2a binaries/getbuf.o
 .comment       0x0000000000000029       0x2a binaries/getc.o
 .comment       0x0000000000000029       0x2a binaries/getdev.o
 .comment       0x0000000000000029       0x2a binaries/getitem.o
 .comment       0x0000000000000029       0x2a binaries/getmem.o
 .comment       0x0000000000000029       0x2a binaries/getpid.o
 .comment       0x0000000000000029       0x2a binaries/getprio.o
 .comment       0x0000000000000029       0x2a binaries/getstk.o
 .comment       0x0000000000000029       0x2a binaries/getticks.o
 .comment       0x0000000000000029       0x2a binaries/gettime.o
 .comment       0x0000000000000029       0x2a binaries/getutime.o
 .comment       0x0000000000000029       0x2a binaries/init.o
 .comment       0x0000000000000029       0x2a binaries/initialize.o
 .comment       0x0000000000000029       0x2a binaries/insert.o
 .comment       0x0000000000000029       0x2a binaries/insertd.o
 .comment       0x0000000000000029       0x2a binaries/ioerr.o
 .comment       0x0000000000000029       0x2a binaries/ionull.o
 .comment       0x0000000000000029       0x2a binaries/kill.o
 .comment       0x0000000000000029       0x2a binaries/kprintf.o
 .comment       0x0000000000000029       0x2a binaries/main.o
 .comment       0x0000000000000029       0x2a binaries/mark.o
 .comment       0x0000000000000029       0x2a binaries/meminit.o
 .comment       0x0000000000000029       0x2a binaries/mkbufpool.o
 .comment       0x0000000000000029       0x2a binaries/newqueue.o
 .comment       0x0000000000000029       0x2a binaries/open.o
 .comment       0x0000000000000029       0x2a binaries/panic.o
 .comment       0x0000000000000029       0x2a binaries/platinit.o
 .comment       0x0000000000000029       0x2a binaries/ptclear.o
 .comment       0x0000000000000029       0x2a binaries/ptcount.o
 .comment       0x0000000000000029       0x2a binaries/ptcreate.o
 .comment       0x0000000000000029       0x2a binaries/ptdelete.o
 .comment       0x0000000000000029       0x2a binaries/ptinit.o
 .comment       0x0000000000000029       0x2a binaries/ptrecv.o
 .comment       0x0000000000000029       0x2a binaries/ptreset.o
 .comment       0x0000000000000029       0x2a binaries/ptsend.o
 .comment       0x0000000000000029       0x2a binaries/putc.o
 .comment       0x0000000000000029       0x2a binaries/queue.o
 .comment       0x0000000000000029       0x2a binaries/read.o
 .comment       0x0000000000000029       0x2a binaries/ready.o
 .comment       0x0000000000000029       0x2a binaries/receive.o
 .comment       0x0000000000000029       0x2a binaries/recvclr.o
 .comment       0x0000000000000029       0x2a binaries/recvtime.o
 .comment       0x0000000000000029       0x2a binaries/resched.o
 .comment       0x0000000000000029       0x2a binaries/resume.o
 .comment       0x0000000000000029       0x2a binaries/seek.o
 .comment       0x0000000000000029       0x2a binaries/semcount.o
 .comment       0x0000000000000029       0x2a binaries/semcreate.o
 .comment       0x0000000000000029       0x2a binaries/semdelete.o
 .comment       0x0000000000000029       0x2a binaries/semreset.o
 .comment       0x0000000000000029       0x2a binaries/send.o
 .comment       0x0000000000000029       0x2a binaries/signal.o
 .comment       0x0000000000000029       0x2a binaries/signaln.o
 .comment       0x0000000000000029       0x2a binaries/sleep.o
 .comment       0x0000000000000029       0x2a binaries/stacktrace.o
 .comment       0x0000000000000029       0x2a binaries/suspend.o
 .comment       0x0000000000000029       0x2a binaries/unsleep.o
 .comment       0x0000000000000029       0x2a binaries/userret.o
 .comment       0x0000000000000029       0x2a binaries/wait.o
 .comment       0x0000000000000029       0x2a binaries/wakeup.o
 .comment       0x0000000000000029       0x2a binaries/write.o
 .comment       0x0000000000000029       0x2a binaries/xdone.o
 .comment       0x0000000000000029       0x2a binaries/yield.o
 .comment       0x0000000000000029       0x2a binaries/abs.o
 .comment       0x0000000000000029       0x2a binaries/atoi.o
 .comment       0x0000000000000029       0x2a binaries/atol.o
 .comment       0x0000000000000029       0x2a binaries/bzero.o
 .comment       0x0000000000000029       0x2a binaries/ctype_.o
 .comment       0x0000000000000029       0x2a binaries/doprnt.o
 .comment       0x0000000000000029       0x2a binaries/doscan.o
 .comment       0x0000000000000029       0x2a binaries/fdoprnt.o
 .comment       0x0000000000000029       0x2a binaries/fgetc.o
 .comment       0x0000000000000029       0x2a binaries/fgets.o
 .comment       0x0000000000000029       0x2a binaries/fprintf.o
 .comment       0x0000000000000029       0x2a binaries/fputc.o
 .comment       0x0000000000000029       0x2a binaries/fputs.o
 .comment       0x0000000000000029       0x2a binaries/fscanf.o
 .comment       0x0000000000000029       0x2a binaries/getchar.o
 .comment       0x0000000000000029       0x2a binaries/labs.o
 .comment       0x0000000000000029       0x2a binaries/memchr.o
 .comment       0x0000000000000029       0x2a binaries/memcmp.o
 .comment       0x0000000000000029       0x2a binaries/memcpy.o
 .comment       0x0000000000000029       0x2a binaries/memset.o
 .comment       0x0000000000000029       0x2a binaries/printf.o
 .comment       0x0000000000000029       0x2a binaries/putchar.o
 .comment       0x0000000000000029       0x2a binaries/qsort.o
 .comment       0x0000000000000029       0x2a binaries/rand.o
 .comment       0x0000000000000029       0x2a binaries/sprintf.o
 .comment       0x0000000000000029       0x2a binaries/sscanf.o
 .comment       0x0000000000000029       0x2a binaries/strchr.o
 .comment       0x0000000000000029       0x2a binaries/strcmp.o
 .comment       0x0000000000000029       0x2a binaries/strcpy.o
 .comment       0x0000000000000029       0x2a binaries/strlen.o
 .comment       0x0000000000000029       0x2a binaries/strncat.o
 .comment       0x0000000000000029       0x2a binaries/strncmp.o
 .comment       0x0000000000000029       0x2a binaries/strncpy.o
 .comment       0x0000000000000029       0x2a binaries/strnlen.o
 .comment       0x0000000000000029       0x2a binaries/strrchr.o
 .comment       0x0000000000000029       0x2a binaries/strstr.o
 .comment       0x0000000000000029       0x2a binaries/ttycontrol.o
 .comment       0x0000000000000029       0x2a binaries/ttygetc.o
 .comment       0x0000000000000029       0x2a binaries/ttyhandle_in.o
 .comment       0x0000000000000029       0x2a binaries/ttyhandle_out.o
 .comment       0x0000000000000029       0x2a binaries/ttyhandler.o
 .comment       0x0000000000000029       0x2a binaries/ttyinit.o
 .comment       0x0000000000000029       0x2a binaries/ttykickout.o
 .comment       0x0000000000000029       0x2a binaries/ttyputc.o
 .comment       0x0000000000000029       0x2a binaries/ttyread.o