
Allocating common symbols
Common symbol       size              file

readylist           0x2               binaries/ready.o
sleepq              0x2               binaries/clkinit.o
nnames              0x4               binaries/naminit.o
minheap             0x4               binaries/meminit.o
marks               0x50              binaries/mark.o
currpid             0x4               binaries/initialize.o
Lf_data             0x20c             binaries/lfsinit.o
porttab             0x2d0             binaries/ptinit.o
girmask             0x2               binaries/evec.o
ttytab              0x110             binaries/ttyinit.o
proctab             0x1770            binaries/initialize.o
prcount             0x4               binaries/initialize.o
lfltab              0xf00             binaries/lflinit.o
kpgdir              0x4               binaries/vminit.o
nmarks              0x4               binaries/mark.o
Defer               0x8               binaries/resched.o
semtab              0x4b0             binaries/initialize.o
maxheap             0x4               binaries/meminit.o
preempt             0x4               binaries/clkinit.o
buftab              0xf0              binaries/bufinit.o
mkmutex             0x4               binaries/mark.o
count1000           0x4               binaries/clkinit.o
clktime             0x4               binaries/clkinit.o
nbpools             0x4               binaries/bufinit.o
queuetab            0x980             binaries/queue.o
framelist           0x1fab8           binaries/meminit.o
ptnextid            0x4               binaries/ptinit.o
Ram                 0x19000           binaries/raminit.o
memlist             0x8               binaries/initialize.o
nametab             0x19a0            binaries/naminit.o
ptfree              0x4               binaries/ptinit.o

Discarded input sections

 .group         0x0000000000000000        0x8 binaries/ascdate.o
 .group         0x0000000000000000        0x8 binaries/bufinit.o
 .group         0x0000000000000000        0x8 binaries/chprio.o
 .group         0x0000000000000000        0x8 binaries/clkhandler.o
 .text.__x86.get_pc_thunk.bx
                0x0000000000000000        0x4 binaries/clkhandler.o
 .group         0x0000000000000000        0x8 binaries/clkinit.o
 .text.__x86.get_pc_thunk.bx
                0x0000000000000000        0x4 binaries/clkinit.o
 .group         0x0000000000000000        0x8 binaries/close.o
 .text.__x86.get_pc_thunk.bx
                0x0000000000000000        0x4 binaries/close.o
 .group         0x0000000000000000        0x8 binaries/control.o
 .text.__x86.get_pc_thunk.bx
                0x0000000000000000        0x4 binaries/control.o
 .group         0x0000000000000000        0x8 binaries/create.o
 .group         0x0000000000000000        0x8 binaries/create.o
 .text.__x86.get_pc_thunk.cx
                0x0000000000000000        0x4 binaries/create.o
 .text.__x86.get_pc_thunk.bx
                0x0000000000000000        0x4 binaries/create.o
 .group         0x0000000000000000        0x8 binaries/evec.o
 .group         0x0000000000000000        0x8 binaries/evec.o
 .text.__x86.get_pc_thunk.ax
                0x0000000000000000        0x4 binaries/evec.o
 .text.__x86.get_pc_thunk.bx
                0x0000000000000000        0x4 binaries/evec.o
 .group         0x0000000000000000        0x8 binaries/exit.o
 .text.__x86.get_pc_thunk.bx
                0x0000000000000000        0x4 binaries/exit.o
 .group         0x0000000000000000        0x8 binaries/freebuf.o
 .text.__x86.get_pc_thunk.bx
                0x0000000000000000        0x4 binaries/freebuf.o
 .group         0x0000000000000000        0x8 binaries/freemem.o
 .text.__x86.get_pc_thunk.bx
                0x0000000000000000        0x4 binaries/freemem.o
 .group         0x0000000000000000        0x8 binaries/getbuf.o
 .text.__x86.get_pc_thunk.bx
                0x0000000000000000        0x4 binaries/getbuf.o
 .group         0x0000000000000000        0x8 binaries/getc.o
 .text.__x86.get_pc_thunk.bx
                0x0000000000000000        0x4 binaries/getc.o
 .group         0x0000000000000000        0x8 binaries/getdev.o
 .text.__x86.get_pc_thunk.bx
                0x0000000000000000        0x4 binaries/getdev.o
 .group         0x0000000000000000        0x8 binaries/getitem.o
 .group         0x0000000000000000        0x8 binaries/getitem.o
 .text.__x86.get_pc_thunk.ax
                0x0000000000000000        0x4 binaries/getitem.o
 .group         0x0000000000000000        0x8 binaries/getmem.o
 .text.__x86.get_pc_thunk.bx
                0x0000000000000000        0x4 binaries/getmem.o
 .group         0x0000000000000000        0x8 binaries/getpid.o
 .text.__x86.get_pc_thunk.ax
                0x0000000000000000        0x4 binaries/getpid.o
 .group         0x0000000000000000        0x8 binaries/getprio.o
 .text.__x86.get_pc_thunk.bx
                0x0000000000000000        0x4 binaries/getprio.o
[...]
Memory Configuration

Name             Origin             Length             Attributes
*default*        0x0000000000000000 0xffffffffffffffff

Linker script and memory map

                0x0000000000100000                physbase = 0x100000
                0x0000000000100000                . = physbase
                0x0000000000100000                . = ALIGN (0x1000)

.text           0x0000000000100000     0xf000
                0x0000000000100000                text = ABSOLUTE (.)
 *(.text .text.*)
 .text          0x0000000000100000      0x175 binaries/start.o
                0x0000000000100024                start
                0x00000000001000b7                inb
                0x00000000001000bf                inw
                0x00000000001000c8                inl
                0x00000000001000d0                outb
                0x00000000001000da                outw
                0x00000000001000e5                outl
                0x00000000001000ef                _rtcin
                0x00000000001000fa                ___udivsi3
                0x0000000000100105                ___divsi3
                0x0000000000100111                sbzero
                0x0000000000100121                insw
                0x0000000000100137                outsw
                0x000000000010014d                bcopy
                0x0000000000100161                lidt
                0x0000000000100169                cpuid
 .text          0x0000000000100175      0x404 binaries/ascdate.o
                0x0000000000100175                ascdate
 .text.__x86.get_pc_thunk.cx
                0x0000000000100579        0x4 binaries/ascdate.o
                0x0000000000100579                __x86.get_pc_thunk.cx
 .text          0x000000000010057d       0x20 binaries/bufinit.o
                0x000000000010057d                bufinit
 .text.__x86.get_pc_thunk.ax
                0x000000000010059d        0x4 binaries/bufinit.o
                0x000000000010059d                __x86.get_pc_thunk.ax
 .text          0x00000000001005a1       0xa2 binaries/chprio.o
                0x00000000001005a1                chprio
 .text.__x86.get_pc_thunk.bx
                0x0000000000100643        0x4 binaries/chprio.o
                0x0000000000100643                __x86.get_pc_thunk.bx
 .text          0x0000000000100647       0xe4 binaries/clkhandler.o
                0x0000000000100647                clkhandler
 .text          0x000000000010072b       0xa1 binaries/clkinit.o
                0x000000000010072b                clkinit
 .text          0x00000000001007cc       0x86 binaries/close.o
                0x00000000001007cc                close
 .text          0x0000000000100852        0x0 binaries/conf.o
 .text          0x0000000000100852       0x8c binaries/control.o
                0x0000000000100852                control
 .text          0x00000000001008de      0x41d binaries/create.o
                0x00000000001008de                create
 .text          0x0000000000100cfb      0x4c6 binaries/evec.o
                0x0000000000100cfb                initevec
                0x0000000000100e0c                set_evec
                0x0000000000100eca                _8259_setirmask
                0x0000000000100f3c                trap
 .text          0x00000000001011c1       0x29 binaries/exit.o
                0x00000000001011c1                exit
 .text          0x00000000001011ea       0xa1 binaries/freebuf.o
                0x00000000001011ea                freebuf
 .text          0x000000000010128b      0x13d binaries/freemem.o
                0x000000000010128b                deallocmem
 .text          0x00000000001013c8       0x9f binaries/getbuf.o
                0x00000000001013c8                getbuf
 .text          0x0000000000101467       0x86 binaries/getc.o
                0x0000000000101467                getc
 .text          0x00000000001014ed       0x86 binaries/getdev.o
                0x00000000001014ed                getdev
 .text          0x0000000000101573      0x111 binaries/getitem.o
                0x0000000000101573                getfirst
                0x00000000001015c9                getlast
                0x0000000000101621                getitem
 .text.__x86.get_pc_thunk.dx
                0x0000000000101684        0x4 binaries/getitem.o
                0x0000000000101684                __x86.get_pc_thunk.dx
 .text          0x0000000000101688      0x150 binaries/getmem.o
                0x0000000000101688                allocmem
 .text          0x00000000001017d8       0x17 binaries/getpid.o
                0x00000000001017d8                getpid
 .text          0x00000000001017ef       0x8c binaries/getprio.o
                0x00000000001017ef                getprio
 .text          0x000000000010187b       0xa3 binaries/getstk.o
                0x000000000010187b                allocstk
 .text          0x000000000010191e       0x20 binaries/getticks.o
                0x000000000010191e                getticks
 .text          0x000000000010193e       0x14 binaries/gettime.o
                0x000000000010193e                gettime
 .text          0x0000000000101952       0x14 binaries/getutime.o
                0x0000000000101952                getutime
 .text          0x0000000000101966       0x86 binaries/init.o
                0x0000000000101966                init
 .text          0x00000000001019ec      0x378 binaries/initialize.o
                0x00000000001019ec                nulluser
                0x0000000000101cf1                stop
                0x0000000000101d2c                delay
 .text          0x0000000000101d64      0x105 binaries/insert.o
                0x0000000000101d64                insert
 .text          0x0000000000101e69      0x13e binaries/insertd.o
                0x0000000000101e69                insertd
 .text          0x0000000000101fa7       0x14 binaries/ioerr.o
                0x0000000000101fa7                ioerr
 .text          0x0000000000101fbb       0x14 binaries/ionull.o
                0x0000000000101fbb                ionull
 .text          0x0000000000101fcf      0x490 binaries/kill.o
                0x0000000000101fcf                deallocvm
                0x00000000001022ac                kill
 .text          0x000000000010245f      0x1ca binaries/kprintf.o
                0x000000000010245f                kputc
                0x0000000000102527                kgetc
                0x00000000001025ed                kprintf
 .text          0x0000000000102629      0x128 binaries/main.o
                0x0000000000102629                test1
                0x0000000000102658                test2
                0x0000000000102687                testfunc
                0x0000000000102697                main
 .text          0x0000000000102751       0xf0 binaries/mark.o
                0x0000000000102751                markinit
                0x000000000010278c                mark
 .text          0x0000000000102841      0x357 binaries/meminit.o
                0x0000000000102841                init_framelist
                0x00000000001028b1                meminit
                0x0000000000102ad5                setsegs
 .text          0x0000000000102b98      0x194 binaries/mkbufpool.o
                0x0000000000102b98                mkbufpool
 .text          0x0000000000102d2c       0xbb binaries/newqueue.o
                0x0000000000102d2c                newqueue
 .text          0x0000000000102de7       0x8c binaries/open.o
                0x0000000000102de7                open
 .text          0x0000000000102e73       0x2e binaries/panic.o
                0x0000000000102e73                panic
 .text          0x0000000000102ea1       0x29 binaries/platinit.o
                0x0000000000102ea1                console_init
                0x0000000000102eb5                platinit
 .text          0x0000000000102eca      0x105 binaries/ptclear.o
                0x0000000000102eca                _ptclear
 .text          0x0000000000102fcf       0xaf binaries/ptcount.o
                0x0000000000102fcf                ptcount
 .text          0x000000000010307e      0x138 binaries/ptcreate.o
                0x000000000010307e                ptcreate
 .text          0x00000000001031b6       0x94 binaries/ptdelete.o
                0x00000000001031b6                ptdelete
 .text          0x000000000010324a       0xe7 binaries/ptinit.o
                0x000000000010324a                ptinit
 .text          0x0000000000103331      0x135 binaries/ptrecv.o
                0x0000000000103331                ptrecv
 .text          0x0000000000103466       0x89 binaries/ptreset.o
                0x0000000000103466                ptreset
 .text          0x00000000001034ef      0x15a binaries/ptsend.o
                0x00000000001034ef                ptsend
 .text          0x0000000000103649       0x91 binaries/putc.o
                0x0000000000103649                putc
 .text          0x00000000001036da      0x146 binaries/queue.o
                0x00000000001036da                enqueue
                0x000000000010379b                dequeue
 .text          0x0000000000103820       0x8c binaries/read.o
                0x0000000000103820                read
 .text          0x00000000001038ac       0x90 binaries/ready.o
                0x00000000001038ac                ready
 .text          0x000000000010393c       0x74 binaries/receive.o
                0x000000000010393c                receive
 .text          0x00000000001039b0       0x70 binaries/recvclr.o
                0x00000000001039b0                recvclr
 .text          0x0000000000103a20       0xd5 binaries/recvtime.o
                0x0000000000103a20                recvtime
 .text          0x0000000000103af5      0x218 binaries/resched.o
                0x0000000000103af5                resched
                0x0000000000103c6f                resched_cntl
 .text          0x0000000000103d0d       0xbf binaries/resume.o
                0x0000000000103d0d                resume
 .text          0x0000000000103dcc       0x8a binaries/seek.o
                0x0000000000103dcc                seek
 .text          0x0000000000103e56       0x87 binaries/semcount.o
                0x0000000000103e56                semcount
 .text          0x0000000000103edd      0x100 binaries/semcreate.o
                0x0000000000103edd                semcreate
 .text          0x0000000000103fdd       0xdf binaries/semdelete.o
                0x0000000000103fdd                semdelete
 .text          0x00000000001040bc       0xe3 binaries/semreset.o
                0x00000000001040bc                semreset
 .text          0x000000000010419f       0xfb binaries/send.o
                0x000000000010419f                send
 .text          0x000000000010429a       0xba binaries/signal.o
                0x000000000010429a                signal
 .text          0x0000000000104354       0xe8 binaries/signaln.o
                0x0000000000104354                signaln
 .text          0x000000000010443c      0x10e binaries/sleep.o
                0x000000000010443c                sleep
                0x0000000000104494                sleepms
 .text          0x000000000010454a      0x1b4 binaries/stacktrace.o
                0x000000000010454a                stacktrace
 .text          0x00000000001046fe       0xf5 binaries/suspend.o
                0x00000000001046fe                suspend
 .text          0x00000000001047f3      0x100 binaries/unsleep.o
                0x00000000001047f3                unsleep
 .text          0x00000000001048f3       0x29 binaries/userret.o
                0x00000000001048f3                userret
 .text          0x000000000010491c      0x4f7 binaries/vm.o
                0x000000000010491c                init_pd
                0x000000000010494e                init_pt
                0x0000000000104980                init_core_pt
                0x0000000000104a65                add_table_to_dir
                0x0000000000104b8a                add_page_to_table
                0x0000000000104caf                get_free_frame
                0x0000000000104d97                release_frame
 .text          0x0000000000104e13      0x142 binaries/vminit.o
                0x0000000000104e13                vminit
 .text          0x0000000000104f55       0xf5 binaries/wait.o
                0x0000000000104f55                wait
 .text          0x000000000010504a       0x98 binaries/wakeup.o
                0x000000000010504a                wakeup
 .text          0x00000000001050e2       0x8c binaries/write.o
                0x00000000001050e2                write
 .text          0x000000000010516e       0x2f binaries/xdone.o
                0x000000000010516e                xdone
 .text          0x000000000010519d       0x37 binaries/yield.o
                0x000000000010519d                yield
 .text          0x00000000001051d4       0x1b binaries/abs.o
                0x00000000001051d4                abs
 .text          0x00000000001051ef       0x99 binaries/atoi.o
                0x00000000001051ef                atoi
 .text          0x0000000000105288       0x99 binaries/atol.o
                0x0000000000105288                atol
 .text          0x0000000000105321       0x3c binaries/bzero.o
                0x0000000000105321                bzero
 .text          0x000000000010535d        0x0 binaries/ctype_.o
 .text          0x000000000010535d      0x94d binaries/doprnt.o
                0x000000000010535d                _doprnt
 .text          0x0000000000105caa      0x6cb binaries/doscan.o
                0x0000000000105caa                _doscan
 .text.__x86.get_pc_thunk.di
                0x0000000000106375        0x4 binaries/doscan.o
                0x0000000000106375                __x86.get_pc_thunk.di
 .text          0x0000000000106379      0x76a binaries/fdoprnt.o
                0x0000000000106379                _fdoprnt
 .text          0x0000000000106ae3       0x39 binaries/fgetc.o
                0x0000000000106ae3                fgetc
 .text          0x0000000000106b1c       0x84 binaries/fgets.o
                0x0000000000106b1c                fgets
 .text          0x0000000000106ba0       0x3c binaries/fprintf.o
                0x0000000000106ba0                fprintf
 .text          0x0000000000106bdc       0x3c binaries/fputc.o
                0x0000000000106bdc                fputc
 .text          0x0000000000106c18       0x52 binaries/fputs.o
                0x0000000000106c18                fputs
 .text          0x0000000000106c6a       0xb8 binaries/fscanf.o
                0x0000000000106c6a                fscanf
 .text          0x0000000000106d22       0x46 binaries/getchar.o
                0x0000000000106d22                getchar
 .text          0x0000000000106d68       0x1b binaries/labs.o
                0x0000000000106d68                labs
 .text          0x0000000000106d83        0x0 binaries/memchr.o
 .text          0x0000000000106d83       0x5b binaries/memcmp.o
                0x0000000000106d83                memcmp
 .text          0x0000000000106dde       0x30 binaries/memcpy.o
                0x0000000000106dde                memcpy
 .text          0x0000000000106e0e       0x3a binaries/memset.o
                0x0000000000106e0e                memset
 .text          0x0000000000106e48       0x5e binaries/printf.o
                0x0000000000106e48                printf
 .text          0x0000000000106ea6       0x49 binaries/putchar.o
                0x0000000000106ea6                putchar
 .text          0x0000000000106eef      0x2b7 binaries/qsort.o
                0x0000000000106eef                qsort
 .text          0x00000000001071a6       0x81 binaries/rand.o
                0x00000000001071a6                rand
                0x00000000001071ca                rand_r
                0x000000000010720e                srand
 .text          0x0000000000107227       0x82 binaries/sprintf.o
                0x0000000000107227                sprintf
 .text          0x00000000001072a9       0x98 binaries/sscanf.o
                0x00000000001072a9                sscanf
 .text          0x0000000000107341       0x46 binaries/strchr.o
                0x0000000000107341                strchr
 .text          0x0000000000107387       0x4f binaries/strcmp.o
                0x0000000000107387                strcmp
 .text          0x00000000001073d6       0x31 binaries/strcpy.o
                0x00000000001073d6                strcpy
 .text          0x0000000000107407       0x30 binaries/strlen.o
                0x0000000000107407                strlen
 .text          0x0000000000107437       0x60 binaries/strncat.o
                0x0000000000107437                strncat
 .text          0x0000000000107497       0x68 binaries/strncmp.o
                0x0000000000107497                strncmp
 .text          0x00000000001074ff       0x59 binaries/strncpy.o
                0x00000000001074ff                strncpy
 .text          0x0000000000107558       0x38 binaries/strnlen.o
                0x0000000000107558                strnlen
 .text          0x0000000000107590       0x4f binaries/strrchr.o
                0x0000000000107590                strrchr
 .text          0x00000000001075df       0x78 binaries/strstr.o
                0x00000000001075df                strstr
 .text          0x0000000000107657       0xfb binaries/ttycontrol.o
                0x0000000000107657                ttycontrol
 .text          0x0000000000107752       0xab binaries/ttygetc.o
                0x0000000000107752                ttygetc
 .text          0x00000000001077fd      0x72b binaries/ttyhandle_in.o
                0x00000000001077fd                ttyhandle_in
 .text          0x0000000000107f28      0x1c2 binaries/ttyhandle_out.o
                0x0000000000107f28                ttyhandle_out
 .text          0x00000000001080ea       0xe7 binaries/ttyhandler.o
                0x00000000001080ea                ttyhandler
 .text          0x00000000001081d1      0x241 binaries/ttyinit.o
                0x00000000001081d1                ttyinit
 .text          0x0000000000108412       0x2b binaries/ttykickout.o
                0x0000000000108412                ttykickout
 .text          0x000000000010843d       0xc9 binaries/ttyputc.o
                0x000000000010843d                ttyputc
 .text          0x0000000000108506      0x12d binaries/ttyread.o
                0x0000000000108506                ttyread
 .text          0x0000000000108633       0x5c binaries/ttywrite.o
                0x0000000000108633                ttywrite
 .text          0x000000000010868f      0x174 binaries/mount.o
                0x000000000010868f                mount
                0x00000000001087c3                namlen
 .text          0x0000000000108803      0x220 binaries/naminit.o
                0x0000000000108803                naminit
 .text          0x0000000000108a23      0x243 binaries/nammap.o
                0x0000000000108a23                nammap
                0x0000000000108ac0                namrepl
                0x0000000000108c0c                namcpy
 .text          0x0000000000108c66       0x5d binaries/namopen.o
                0x0000000000108c66                namopen
 .text          0x0000000000108cc3       0x14 binaries/ramclose.o
                0x0000000000108cc3                ramclose
 .text          0x0000000000108cd7       0x58 binaries/raminit.o
                0x0000000000108cd7                raminit
 .text          0x0000000000108d2f       0x14 binaries/ramopen.o
                0x0000000000108d2f                ramopen
 .text          0x0000000000108d43       0x47 binaries/ramread.o
                0x0000000000108d43                ramread
 .text          0x0000000000108d8a       0x47 binaries/ramwrite.o
                0x0000000000108d8a                ramwrite
 .text          0x0000000000108dd1       0xc4 binaries/lfdballoc.o
                0x0000000000108dd1                lfdballoc
 .text          0x0000000000108e95       0x6c binaries/lfdbfree.o
                0x0000000000108e95                lfdbfree
 .text          0x0000000000108f01       0xe0 binaries/lfflush.o
                0x0000000000108f01                lfflush
 .text          0x0000000000108fe1       0xe2 binaries/lfgetmode.o
                0x0000000000108fe1                lfgetmode
 .text          0x00000000001090c3       0x92 binaries/lfiballoc.o
                0x00000000001090c3                lfiballoc
 .text          0x0000000000109155       0x45 binaries/lfibclear.o
                0x0000000000109155                lfibclear
 .text          0x000000000010919a       0xbc binaries/lfibget.o
                0x000000000010919a                lfibget
 .text          0x0000000000109256       0xeb binaries/lfibput.o
                0x0000000000109256                lfibput
 .text          0x0000000000109341       0xbb binaries/lflclose.o
                0x0000000000109341                lflclose
 .text          0x00000000001093fc       0xef binaries/lflcontrol.o
                0x00000000001093fc                lflcontrol
 .text          0x00000000001094eb      0x104 binaries/lflgetc.o
                0x00000000001094eb                lflgetc
 .text          0x00000000001095ef      0x102 binaries/lflinit.o
                0x00000000001095ef                lflinit
 .text          0x00000000001096f1      0x13a binaries/lflputc.o
                0x00000000001096f1                lflputc
 .text          0x000000000010982b       0x7f binaries/lflread.o
                0x000000000010982b                lflread
 .text          0x00000000001098aa       0xbe binaries/lflseek.o
                0x00000000001098aa                lflseek
 .text          0x0000000000109968       0x64 binaries/lflwrite.o
                0x0000000000109968                lflwrite
 .text          0x00000000001099cc       0x6c binaries/lfscheck.o
                0x00000000001099cc                lfscheck
 .text          0x0000000000109a38      0x194 binaries/lfsckfmt.o
                0x0000000000109a38                lfsckfmt
 .text          0x0000000000109bcc      0x1be binaries/lfscreate.o
                0x0000000000109bcc                lfscreate
 .text          0x0000000000109d8a      0x2a3 binaries/lfsetup.o
                0x0000000000109d8a                lfsetup
 .text          0x000000000010a02d       0x81 binaries/lfsinit.o
                0x000000000010a02d                lfsinit
 .text          0x000000000010a0ae      0x411 binaries/lfsopen.o
                0x000000000010a0ae                lfsopen
 .text          0x000000000010a4bf      0x18a binaries/lftruncate.o
                0x000000000010a4bf                lftruncate
 .text          0x000000000010a649      0x17d binaries/addargs.o
                0x000000000010a649                addargs
 .text          0x000000000010a7c6      0x2d1 binaries/lexan.o
                0x000000000010a7c6                lexan
 .text          0x000000000010aa97      0x6dd binaries/shell.o
                0x000000000010aa97                shell
 .text          0x000000000010b174       0x7e binaries/xsh_argecho.o
                0x000000000010b174                xsh_argecho
 .text          0x000000000010b1f2      0x2ae binaries/xsh_cat.o
                0x000000000010b1f2                xsh_cat
 .text          0x000000000010b4a0       0x7a binaries/xsh_clear.o
                0x000000000010b4a0                xsh_clear
 .text          0x000000000010b51a      0x2e1 binaries/xsh_date.o
                0x000000000010b51a                xsh_date
 .text          0x000000000010b7fb       0xcb binaries/xsh_devdump.o
                0x000000000010b7fb                xsh_devdump
 .text          0x000000000010b8c6       0x87 binaries/xsh_echo.o
                0x000000000010b8c6                xsh_echo
 .text          0x000000000010b94d       0x14 binaries/xsh_exit.o
                0x000000000010b94d                xsh_exit
 .text          0x000000000010b961      0x3e9 binaries/xsh_help.o
                0x000000000010b961                xsh_help
 .text          0x000000000010bd4a      0x287 binaries/xsh_kill.o
                0x000000000010bd4a                xsh_kill
 .text          0x000000000010bfd1      0x5ad binaries/xsh_memdump.o
                0x000000000010bfd1                xsh_memdump
 .text          0x000000000010c57e      0x316 binaries/xsh_memstat.o
                0x000000000010c57e                xsh_memstat
 .text          0x000000000010c894      0x27c binaries/xsh_ps.o
                0x000000000010c894                xsh_ps
 .text          0x000000000010cb10      0x265 binaries/xsh_sleep.o
                0x000000000010cb10                xsh_sleep
 .text          0x000000000010cd75      0x230 binaries/xsh_uptime.o
                0x000000000010cd75                xsh_uptime
 .text          0x000000000010cfa5        0xe binaries/clkdisp.o
                0x000000000010cfa5                clkdisp
 .text          0x000000000010cfb3       0x1f binaries/ctxsw.o
                0x000000000010cfb3                ctxsw
 .text          0x000000000010cfd2      0x2ca binaries/intr.o
                0x000000000010cfd2                disable
                0x000000000010cfdb                restore
                0x000000000010cfe9                enable
                0x000000000010cfeb                pause
                0x000000000010cff2                halt
                0x000000000010cff5                spurious_irq7
                0x000000000010cffa                spurious_irq15
                0x000000000010d009                _Xint0
                0x000000000010d011                _Xint1
                0x000000000010d019                _Xint2
                0x000000000010d021                _Xint3
                0x000000000010d029                _Xint4
                0x000000000010d031                _Xint5
                0x000000000010d03c                _Xint6
                0x000000000010d044                _Xint7
                0x000000000010d04c                _Xint8
                0x000000000010d054                _Xint9
                0x000000000010d05c                _Xint10
                0x000000000010d064                _Xint11
                0x000000000010d06c                _Xint12
                0x000000000010d074                _Xint13
                0x000000000010d07c                _Xint14
                0x000000000010d087                _Xint15
                0x000000000010d092                _Xint16
                0x000000000010d09d                _Xint17
                0x000000000010d0a8                _Xint18
                0x000000000010d0b3                _Xint19
                0x000000000010d0be                _Xint20
                0x000000000010d0c9                _Xint21
                0x000000000010d0d4                _Xint22
                0x000000000010d0df                _Xint23
                0x000000000010d0ea                _Xint24
                0x000000000010d0f5                _Xint25
                0x000000000010d100                _Xint26
                0x000000000010d10b                _Xint27
                0x000000000010d116                _Xint28
                0x000000000010d121                _Xint29
                0x000000000010d12c                _Xint30
                0x000000000010d137                _Xint31
                0x000000000010d142                _Xint32
                0x000000000010d14d                _Xint33
                0x000000000010d158                _Xint34
                0x000000000010d163                _Xint35
                0x000000000010d16e                _Xint36
                0x000000000010d179                _Xint37
                0x000000000010d184                _Xint38
                0x000000000010d18f                _Xint40
                0x000000000010d19a                _Xint41
                0x000000000010d1a5                _Xint42
                0x000000000010d1b0                _Xint43
                0x000000000010d1bb                _Xint44
                0x000000000010d1c6                _Xint45
                0x000000000010d1d1                _Xint46
                0x000000000010d1dc                defevec
 .text          0x000000000010d29c       0x10 binaries/ttydispatch.o
                0x000000000010d29c                ttydispatch
 *(.rodata .rodata.*)
 .rodata        0x000000000010d2ac       0x8e binaries/ascdate.o
 .rodata        0x000000000010d33a       0x52 binaries/conf.o
 .rodata        0x000000000010d38c        0xe binaries/create.o
 *fill*         0x000000000010d39a        0x2 
 .rodata        0x000000000010d39c      0x231 binaries/evec.o
 *fill*         0x000000000010d5cd        0x3 
 .rodata        0x000000000010d5d0       0x21 binaries/freemem.o
 *fill*         0x000000000010d5f1        0x3 
 .rodata        0x000000000010d5f4      0x141 binaries/initialize.o
 *fill*         0x000000000010d735        0x3 
 .rodata        0x000000000010d738       0xc8 binaries/kill.o
 .rodata        0x000000000010d800       0x52 binaries/main.o
 *fill*         0x000000000010d852        0x2 
 .rodata        0x000000000010d854       0x58 binaries/meminit.o
 .rodata        0x000000000010d8ac        0xf binaries/panic.o
 .rodata        0x000000000010d8bb       0x1d binaries/ptinit.o
 .rodata        0x000000000010d8d8       0x25 binaries/ptsend.o
 *fill*         0x000000000010d8fd        0x3 
 .rodata        0x000000000010d900       0xb7 binaries/stacktrace.o
 .rodata        0x000000000010d9b7       0x14 binaries/vm.o
 *fill*         0x000000000010d9cb        0x1 
 .rodata        0x000000000010d9cc       0x27 binaries/xdone.o
 *fill*         0x000000000010d9f3        0xd 
 .rodata        0x000000000010da00       0x81 binaries/ctype_.o
                0x000000000010da00                _ctype_
 *fill*         0x000000000010da81        0x3 
 .rodata        0x000000000010da84       0xee binaries/doprnt.o
 *fill*         0x000000000010db72        0x2 
 .rodata        0x000000000010db74       0x98 binaries/doscan.o
 .rodata        0x000000000010dc0c       0xae binaries/fdoprnt.o
 *fill*         0x000000000010dcba        0x2 
 .rodata        0x000000000010dcbc       0x20 binaries/ttycontrol.o
 .rodata        0x000000000010dcdc       0x34 binaries/ttyhandler.o
 .rodata        0x000000000010dd10       0x80 binaries/naminit.o
 .rodata        0x000000000010dd90        0x9 binaries/raminit.o
 *fill*         0x000000000010dd99        0x3 
 .rodata        0x000000000010dd9c       0x37 binaries/lfdballoc.o
 .rodata        0x000000000010ddd3       0x14 binaries/lfiballoc.o
 *fill*         0x000000000010dde7        0x1 
 .rodata        0x000000000010dde8       0x23 binaries/lflcontrol.o
 *fill*         0x000000000010de0b        0x1 
 .rodata        0x000000000010de0c      0x11b binaries/lfsckfmt.o
 *fill*         0x000000000010df27        0x1 
 .rodata        0x000000000010df28       0x2a binaries/lfsopen.o
 *fill*         0x000000000010df52        0x2 
 .rodata        0x000000000010df54      0x299 binaries/shell.o
 .rodata        0x000000000010e1ed       0x28 binaries/xsh_argecho.o
 *fill*         0x000000000010e215        0x3 
 .rodata        0x000000000010e218       0xc9 binaries/xsh_cat.o
 .rodata        0x000000000010e2e1       0x19 binaries/xsh_clear.o
 *fill*         0x000000000010e2fa        0x2 
 .rodata        0x000000000010e2fc      0x1a5 binaries/xsh_date.o
 .rodata        0x000000000010e4a1       0x5d binaries/xsh_devdump.o
 .rodata        0x000000000010e4fe        0x9 binaries/xsh_echo.o
 *fill*         0x000000000010e507        0x1 
 .rodata        0x000000000010e508      0x169 binaries/xsh_help.o
 *fill*         0x000000000010e671        0x3 
 .rodata        0x000000000010e674      0x12e binaries/xsh_kill.o
 *fill*         0x000000000010e7a2        0x2 
 .rodata        0x000000000010e7a4      0x266 binaries/xsh_memdump.o
 *fill*         0x000000000010ea0a        0x2 
 .rodata        0x000000000010ea0c      0x225 binaries/xsh_memstat.o
 *fill*         0x000000000010ec31        0x3 
 .rodata        0x000000000010ec34      0x1a8 binaries/xsh_ps.o
 .rodata        0x000000000010eddc       0xeb binaries/xsh_sleep.o
 *fill*         0x000000000010eec7        0x1 
 .rodata        0x000000000010eec8      0x105 binaries/xsh_uptime.o
                0x000000000010efcd                etext = ABSOLUTE (.)
                0x000000000010f000                . = ALIGN (0x1000)
 *fill*         0x000000000010efcd       0x33 

.eh_frame       0x000000000010f000     0x20dc
 .eh_frame      0x000000000010f000       0x50 binaries/ascdate.o
 .eh_frame      0x000000000010f050       0x34 binaries/bufinit.o
                                         0x4c (size before relaxing)
 .eh_frame      0x000000000010f084       0x38 binaries/chprio.o
                                         0x50 (size before relaxing)
 .eh_frame      0x000000000010f0bc       0x24 binaries/clkhandler.o
                                         0x50 (size before relaxing)
 .eh_frame      0x000000000010f0e0       0x24 binaries/clkinit.o
                                         0x50 (size before relaxing)
 .eh_frame      0x000000000010f104       0x24 binaries/close.o
                                         0x50 (size before relaxing)
 .eh_frame      0x000000000010f128       0x24 binaries/control.o
                                         0x50 (size before relaxing)
 .eh_frame      0x000000000010f14c       0x48 binaries/create.o
                                         0x88 (size before relaxing)
 .eh_frame      0x000000000010f194       0x90 binaries/evec.o
                                         0xd0 (size before relaxing)
 .eh_frame      0x000000000010f224       0x24 binaries/exit.o
                                         0x50 (size before relaxing)
 .eh_frame      0x000000000010f248       0x24 binaries/freebuf.o
                                         0x50 (size before relaxing)
 .eh_frame      0x000000000010f26c       0x24 binaries/freemem.o
                                         0x50 (size before relaxing)
 .eh_frame      0x000000000010f290       0x24 binaries/getbuf.o
                                         0x50 (size before relaxing)
 .eh_frame      0x000000000010f2b4       0x24 binaries/getc.o
                                         0x50 (size before relaxing)
 .eh_frame      0x000000000010f2d8       0x24 binaries/getdev.o
                                         0x50 (size before relaxing)
 .eh_frame      0x000000000010f2fc       0x78 binaries/getitem.o
                                         0xa4 (size before relaxing)
 .eh_frame      0x000000000010f374       0x24 binaries/getmem.o
                                         0x50 (size before relaxing)
 .eh_frame      0x000000000010f398       0x20 binaries/getpid.o
                                         0x4c (size before relaxing)
 .eh_frame      0x000000000010f3b8       0x24 binaries/getprio.o
                                         0x50 (size before relaxing)
 .eh_frame      0x000000000010f3dc       0x28 binaries/getstk.o
                                         0x54 (size before relaxing)
 .eh_frame      0x000000000010f404       0x20 binaries/getticks.o
                                         0x4c (size before relaxing)
 .eh_frame      0x000000000010f424       0x20 binaries/gettime.o
                                         0x4c (size before relaxing)
 .eh_frame      0x000000000010f444       0x20 binaries/getutime.o
                                         0x4c (size before relaxing)
 .eh_frame      0x000000000010f464       0x24 binaries/init.o
                                         0x50 (size before relaxing)
 .eh_frame      0x000000000010f488       0xa4 binaries/initialize.o
                                         0xe4 (size before relaxing)
 .eh_frame      0x000000000010f52c       0x24 binaries/insert.o
                                         0x50 (size before relaxing)
 .eh_frame      0x000000000010f550       0x28 binaries/insertd.o
                                         0x54 (size before relaxing)
 .eh_frame      0x000000000010f578       0x20 binaries/ioerr.o
                                         0x4c (size before relaxing)
 .eh_frame      0x000000000010f598       0x20 binaries/ionull.o
                                         0x4c (size before relaxing)
 .eh_frame      0x000000000010f5b8       0x50 binaries/kill.o
                                         0x7c (size before relaxing)
 .eh_frame      0x000000000010f608       0x6c binaries/kprintf.o
                                         0xac (size before relaxing)
 .eh_frame      0x000000000010f674       0x90 binaries/main.o
                                         0xd0 (size before relaxing)
 .eh_frame      0x000000000010f704       0x48 binaries/mark.o
                                         0x74 (size before relaxing)
 .eh_frame      0x000000000010f74c       0x78 binaries/meminit.o
                                         0xb8 (size before relaxing)
 .eh_frame      0x000000000010f7c4       0x24 binaries/mkbufpool.o
                                         0x50 (size before relaxing)
 .eh_frame      0x000000000010f7e8       0x24 binaries/newqueue.o
                                         0x50 (size before relaxing)
 .eh_frame      0x000000000010f80c       0x24 binaries/open.o
                                         0x50 (size before relaxing)
 .eh_frame      0x000000000010f830       0x1c binaries/panic.o
                                         0x48 (size before relaxing)
 .eh_frame      0x000000000010f84c       0x40 binaries/platinit.o
                                         0x6c (size before relaxing)
 .eh_frame      0x000000000010f88c       0x24 binaries/ptclear.o
                                         0x50 (size before relaxing)
 .eh_frame      0x000000000010f8b0       0x24 binaries/ptcount.o
                                         0x50 (size before relaxing)
 .eh_frame      0x000000000010f8d4       0x24 binaries/ptcreate.o
                                         0x50 (size before relaxing)
 .eh_frame      0x000000000010f8f8       0x24 binaries/ptdelete.o
                                         0x50 (size before relaxing)
 .eh_frame      0x000000000010f91c       0x24 binaries/ptinit.o
                                         0x50 (size before relaxing)
 .eh_frame      0x000000000010f940       0x24 binaries/ptrecv.o
                                         0x50 (size before relaxing)
 .eh_frame      0x000000000010f964       0x24 binaries/ptreset.o
                                         0x50 (size before relaxing)
 .eh_frame      0x000000000010f988       0x24 binaries/ptsend.o
                                         0x50 (size before relaxing)
 .eh_frame      0x000000000010f9ac       0x24 binaries/putc.o
                                         0x50 (size before relaxing)
 .eh_frame      0x000000000010f9d0       0x48 binaries/queue.o
                                         0x88 (size before relaxing)
 .eh_frame      0x000000000010fa18       0x24 binaries/read.o
                                         0x50 (size before relaxing)
 .eh_frame      0x000000000010fa3c       0x28 binaries/ready.o
                                         0x54 (size before relaxing)
 .eh_frame      0x000000000010fa64       0x24 binaries/receive.o
                                         0x50 (size before relaxing)
 .eh_frame      0x000000000010fa88       0x24 binaries/recvclr.o
                                         0x50 (size before relaxing)
 .eh_frame      0x000000000010faac       0x24 binaries/recvtime.o
                                         0x50 (size before relaxing)
 .eh_frame      0x000000000010fad0       0x48 binaries/resched.o
                                         0x88 (size before relaxing)
 .eh_frame      0x000000000010fb18       0x24 binaries/resume.o
                                         0x50 (size before relaxing)
 .eh_frame      0x000000000010fb3c       0x24 binaries/seek.o
                                         0x50 (size before relaxing)
 .eh_frame      0x000000000010fb60       0x24 binaries/semcount.o
                                         0x50 (size before relaxing)
 .eh_frame      0x000000000010fb84       0x48 binaries/semcreate.o
                                         0x88 (size before relaxing)
 .eh_frame      0x000000000010fbcc       0x24 binaries/semdelete.o
                                         0x50 (size before relaxing)
 .eh_frame      0x000000000010fbf0       0x24 binaries/semreset.o
                                         0x50 (size before relaxing)
 .eh_frame      0x000000000010fc14       0x24 binaries/send.o
                                         0x50 (size before relaxing)
 .eh_frame      0x000000000010fc38       0x24 binaries/signal.o
                                         0x50 (size before relaxing)
 .eh_frame      0x000000000010fc5c       0x24 binaries/signaln.o
                                         0x50 (size before relaxing)
 .eh_frame      0x000000000010fc80       0x44 binaries/sleep.o
                                         0x84 (size before relaxing)
 .eh_frame      0x000000000010fcc4       0x24 binaries/stacktrace.o
                                         0x50 (size before relaxing)
 .eh_frame      0x000000000010fce8       0x24 binaries/suspend.o
                                         0x50 (size before relaxing)
 .eh_frame      0x000000000010fd0c       0x24 binaries/unsleep.o
                                         0x50 (size before relaxing)
 .eh_frame      0x000000000010fd30       0x24 binaries/userret.o
                                         0x50 (size before relaxing)
 .eh_frame      0x000000000010fd54       0xf0 binaries/vm.o
                                        0x130 (size before relaxing)
 .eh_frame      0x000000000010fe44       0x24 binaries/vminit.o
                                         0x50 (size before relaxing)
 .eh_frame      0x000000000010fe68       0x24 binaries/wait.o
                                         0x50 (size before relaxing)
 .eh_frame      0x000000000010fe8c       0x24 binaries/wakeup.o
                                         0x50 (size before relaxing)
 .eh_frame      0x000000000010feb0       0x24 binaries/write.o
                                         0x50 (size before relaxing)
 .eh_frame      0x000000000010fed4       0x24 binaries/xdone.o
                                         0x50 (size before relaxing)
 .eh_frame      0x000000000010fef8       0x24 binaries/yield.o
                                         0x50 (size before relaxing)
 .eh_frame      0x000000000010ff1c       0x20 binaries/abs.o
                                         0x4c (size before relaxing)
 .eh_frame      0x000000000010ff3c       0x20 binaries/atoi.o
                                         0x4c (size before relaxing)
 .eh_frame      0x000000000010ff5c       0x20 binaries/atol.o
                                         0x4c (size before relaxing)
 .eh_frame      0x000000000010ff7c       0x20 binaries/bzero.o
                                         0x4c (size before relaxing)
 .eh_frame      0x000000000010ff9c       0xec binaries/doprnt.o
                                        0x140 (size before relaxing)
 .eh_frame      0x0000000000110088       0xc8 binaries/doscan.o
                                         0xf4 (size before relaxing)
 .eh_frame      0x0000000000110150       0xcc binaries/fdoprnt.o
                                        0x10c (size before relaxing)
 .eh_frame      0x000000000011021c       0x24 binaries/fgetc.o
                                         0x50 (size before relaxing)
 .eh_frame      0x0000000000110240       0x24 binaries/fgets.o
                                         0x50 (size before relaxing)
 .eh_frame      0x0000000000110264       0x24 binaries/fprintf.o
                                         0x50 (size before relaxing)
 .eh_frame      0x0000000000110288       0x24 binaries/fputc.o
                                         0x50 (size before relaxing)
 .eh_frame      0x00000000001102ac       0x24 binaries/fputs.o
                                         0x50 (size before relaxing)
 .eh_frame      0x00000000001102d0       0x68 binaries/fscanf.o
                                         0x94 (size before relaxing)
 .eh_frame      0x0000000000110338       0x24 binaries/getchar.o
                                         0x50 (size before relaxing)
 .eh_frame      0x000000000011035c       0x20 binaries/labs.o
                                         0x4c (size before relaxing)
 .eh_frame      0x000000000011037c       0x20 binaries/memcmp.o
                                         0x4c (size before relaxing)
 .eh_frame      0x000000000011039c       0x28 binaries/memcpy.o
                                         0x54 (size before relaxing)
 .eh_frame      0x00000000001103c4       0x24 binaries/memset.o
                                         0x50 (size before relaxing)
 .eh_frame      0x00000000001103e8       0x24 binaries/printf.o
                                         0x50 (size before relaxing)
 .eh_frame      0x000000000011040c       0x24 binaries/putchar.o
                                         0x50 (size before relaxing)
 .eh_frame      0x0000000000110430       0xa4 binaries/qsort.o
                                         0xd0 (size before relaxing)
 .eh_frame      0x00000000001104d4       0x60 binaries/rand.o
                                         0x8c (size before relaxing)
 .eh_frame      0x0000000000110534       0x44 binaries/sprintf.o
                                         0x70 (size before relaxing)
 .eh_frame      0x0000000000110578       0x64 binaries/sscanf.o
                                         0x90 (size before relaxing)
 .eh_frame      0x00000000001105dc       0x20 binaries/strchr.o
                                         0x4c (size before relaxing)
 .eh_frame      0x00000000001105fc       0x20 binaries/strcmp.o
                                         0x4c (size before relaxing)
 .eh_frame      0x000000000011061c       0x20 binaries/strcpy.o
                                         0x4c (size before relaxing)
 .eh_frame      0x000000000011063c       0x20 binaries/strlen.o
                                         0x4c (size before relaxing)
 .eh_frame      0x000000000011065c       0x20 binaries/strncat.o
                                         0x4c (size before relaxing)
 .eh_frame      0x000000000011067c       0x20 binaries/strncmp.o
                                         0x4c (size before relaxing)
 .eh_frame      0x000000000011069c       0x28 binaries/strncpy.o
                                         0x54 (size before relaxing)
 .eh_frame      0x00000000001106c4       0x20 binaries/strnlen.o
                                         0x4c (size before relaxing)
 .eh_frame      0x00000000001106e4       0x20 binaries/strrchr.o
                                         0x4c (size before relaxing)
 .eh_frame      0x0000000000110704       0x20 binaries/strstr.o
                                         0x4c (size before relaxing)
 .eh_frame      0x0000000000110724       0x24 binaries/ttycontrol.o
                                         0x50 (size before relaxing)
 .eh_frame      0x0000000000110748       0x24 binaries/ttygetc.o
                                         0x50 (size before relaxing)
 .eh_frame      0x000000000011076c       0x88 binaries/ttyhandle_in.o
                                         0xdc (size before relaxing)
 .eh_frame      0x00000000001107f4       0x24 binaries/ttyhandle_out.o
                                         0x50 (size before relaxing)
 .eh_frame      0x0000000000110818       0x24 binaries/ttyhandler.o
                                         0x50 (size before relaxing)
 .eh_frame      0x000000000011083c       0x24 binaries/ttyinit.o
                                         0x50 (size before relaxing)
 .eh_frame      0x0000000000110860       0x24 binaries/ttykickout.o
                                         0x50 (size before relaxing)
 .eh_frame      0x0000000000110884       0x24 binaries/ttyputc.o
                                         0x50 (size before relaxing)
 .eh_frame      0x00000000001108a8       0x24 binaries/ttyread.o
                                         0x50 (size before relaxing)
 .eh_frame      0x00000000001108cc       0x24 binaries/ttywrite.o
                                         0x50 (size before relaxing)
 .eh_frame      0x00000000001108f0       0x44 binaries/mount.o
                                         0x84 (size before relaxing)
 .eh_frame      0x0000000000110934       0x24 binaries/naminit.o
                                         0x50 (size before relaxing)
 .eh_frame      0x0000000000110958       0x68 binaries/nammap.o
                                         0xa8 (size before relaxing)
 .eh_frame      0x00000000001109c0       0x24 binaries/namopen.o
                                         0x50 (size before relaxing)
 .eh_frame      0x00000000001109e4       0x20 binaries/ramclose.o
                                         0x4c (size before relaxing)
 .eh_frame      0x0000000000110a04       0x24 binaries/raminit.o
                                         0x50 (size before relaxing)
 .eh_frame      0x0000000000110a28       0x20 binaries/ramopen.o
                                         0x4c (size before relaxing)
 .eh_frame      0x0000000000110a48       0x24 binaries/ramread.o
                                         0x50 (size before relaxing)
 .eh_frame      0x0000000000110a6c       0x24 binaries/ramwrite.o
                                         0x50 (size before relaxing)
 .eh_frame      0x0000000000110a90       0x24 binaries/lfdballoc.o
                                         0x50 (size before relaxing)
 .eh_frame      0x0000000000110ab4       0x24 binaries/lfdbfree.o
                                         0x50 (size before relaxing)
 .eh_frame      0x0000000000110ad8       0x24 binaries/lfflush.o
                                         0x50 (size before relaxing)
 .eh_frame      0x0000000000110afc       0x20 binaries/lfgetmode.o
                                         0x4c (size before relaxing)
 .eh_frame      0x0000000000110b1c       0x24 binaries/lfiballoc.o
                                         0x50 (size before relaxing)
 .eh_frame      0x0000000000110b40       0x20 binaries/lfibclear.o
                                         0x4c (size before relaxing)
 .eh_frame      0x0000000000110b60       0x24 binaries/lfibget.o
                                         0x50 (size before relaxing)
 .eh_frame      0x0000000000110b84       0x24 binaries/lfibput.o
                                         0x50 (size before relaxing)
 .eh_frame      0x0000000000110ba8       0x24 binaries/lflclose.o
                                         0x50 (size before relaxing)
 .eh_frame      0x0000000000110bcc       0x24 binaries/lflcontrol.o
                                         0x50 (size before relaxing)
 .eh_frame      0x0000000000110bf0       0x24 binaries/lflgetc.o
                                         0x50 (size before relaxing)
 .eh_frame      0x0000000000110c14       0x24 binaries/lflinit.o
                                         0x50 (size before relaxing)
 .eh_frame      0x0000000000110c38       0x24 binaries/lflputc.o
                                         0x50 (size before relaxing)
 .eh_frame      0x0000000000110c5c       0x24 binaries/lflread.o
                                         0x50 (size before relaxing)
 .eh_frame      0x0000000000110c80       0x24 binaries/lflseek.o
                                         0x50 (size before relaxing)
 .eh_frame      0x0000000000110ca4       0x24 binaries/lflwrite.o
                                         0x50 (size before relaxing)
 .eh_frame      0x0000000000110cc8       0x20 binaries/lfscheck.o
                                         0x4c (size before relaxing)
 .eh_frame      0x0000000000110ce8       0x24 binaries/lfsckfmt.o
                                         0x50 (size before relaxing)
 .eh_frame      0x0000000000110d0c       0x24 binaries/lfscreate.o
                                         0x50 (size before relaxing)
 .eh_frame      0x0000000000110d30       0x24 binaries/lfsetup.o
                                         0x50 (size before relaxing)
 .eh_frame      0x0000000000110d54       0x24 binaries/lfsinit.o
                                         0x50 (size before relaxing)
 .eh_frame      0x0000000000110d78       0x24 binaries/lfsopen.o
                                         0x50 (size before relaxing)
 .eh_frame      0x0000000000110d9c       0x24 binaries/lftruncate.o
                                         0x50 (size before relaxing)
 .eh_frame      0x0000000000110dc0       0x24 binaries/addargs.o
                                         0x50 (size before relaxing)
 .eh_frame      0x0000000000110de4       0x20 binaries/lexan.o
                                         0x4c (size before relaxing)
 .eh_frame      0x0000000000110e04       0x2c binaries/shell.o
                                         0x58 (size before relaxing)
 .eh_frame      0x0000000000110e30       0x24 binaries/xsh_argecho.o
                                         0x50 (size before relaxing)
 .eh_frame      0x0000000000110e54       0x2c binaries/xsh_cat.o
                                         0x58 (size before relaxing)
 .eh_frame      0x0000000000110e80       0x28 binaries/xsh_clear.o
                                         0x54 (size before relaxing)
 .eh_frame      0x0000000000110ea8       0x2c binaries/xsh_date.o
                                         0x58 (size before relaxing)
 .eh_frame      0x0000000000110ed4       0x24 binaries/xsh_devdump.o
                                         0x50 (size before relaxing)
 .eh_frame      0x0000000000110ef8       0x24 binaries/xsh_echo.o
                                         0x50 (size before relaxing)
 .eh_frame      0x0000000000110f1c       0x20 binaries/xsh_exit.o
                                         0x4c (size before relaxing)
 .eh_frame      0x0000000000110f3c       0x2c binaries/xsh_help.o
                                         0x58 (size before relaxing)
 .eh_frame      0x0000000000110f68       0x2c binaries/xsh_kill.o
                                         0x58 (size before relaxing)
 .eh_frame      0x0000000000110f94       0x4c binaries/xsh_memdump.o
                                         0x8c (size before relaxing)
 .eh_frame      0x0000000000110fe0       0x74 binaries/xsh_memstat.o
                                         0xa0 (size before relaxing)
 .eh_frame      0x0000000000111054       0x30 binaries/xsh_ps.o
                                         0x5c (size before relaxing)
 .eh_frame      0x0000000000111084       0x2c binaries/xsh_sleep.o
                                         0x58 (size before relaxing)
 .eh_frame      0x00000000001110b0       0x2c binaries/xsh_uptime.o
                                         0x58 (size before relaxing)

.iplt           0x00000000001110e0        0x0
 .iplt          0x00000000001110e0        0x0 binaries/start.o

.rel.dyn        0x00000000001110dc        0x0
 .rel.got       0x00000000001110dc        0x0 binaries/start.o
 .rel.iplt      0x00000000001110dc        0x0 binaries/start.o
 .rel.text      0x00000000001110dc        0x0 binaries/start.o

.data           0x00000000001110e0      0xf20
                0x00000000001110e0                data = ABSOLUTE (.)
 *(.data .data.*)
 .data          0x00000000001110e0      0x83a binaries/start.o
                0x00000000001110e0                gdt
                0x0000000000111110                idt
                0x0000000000111916                cpudelay
 .data          0x000000000011191a        0x0 binaries/ascdate.o
 *fill*         0x000000000011191a        0x6 
 .data.rel.local
                0x0000000000111920       0x88 binaries/ascdate.o
                0x0000000000111920                Date
 .data          0x00000000001119a8        0x0 binaries/bufinit.o
 .data          0x00000000001119a8        0x0 binaries/chprio.o
 .data          0x00000000001119a8        0x0 binaries/clkhandler.o
 .data          0x00000000001119a8        0x0 binaries/clkinit.o
 .data          0x00000000001119a8        0x0 binaries/close.o
 .data          0x00000000001119a8        0x0 binaries/conf.o
 *fill*         0x00000000001119a8       0x18 
 .data.rel      0x00000000001119c0      0x294 binaries/conf.o
                0x00000000001119c0                devtab
 .data          0x0000000000111c54        0x0 binaries/control.o
 .data          0x0000000000111c54        0x4 binaries/create.o
 .data          0x0000000000111c58        0x0 binaries/evec.o
 *fill*         0x0000000000111c58        0x8 
 .data.rel.local
                0x0000000000111c60       0x40 binaries/evec.o
                0x0000000000111c60                inames
 .data          0x0000000000111ca0        0x0 binaries/exit.o
 .data          0x0000000000111ca0        0x0 binaries/freebuf.o
 .data          0x0000000000111ca0        0x0 binaries/freemem.o
 .data          0x0000000000111ca0        0x0 binaries/getbuf.o
 .data          0x0000000000111ca0        0x0 binaries/getc.o
 .data          0x0000000000111ca0        0x0 binaries/getdev.o
 .data          0x0000000000111ca0        0x0 binaries/getitem.o
 .data          0x0000000000111ca0        0x0 binaries/getmem.o
 .data          0x0000000000111ca0        0x0 binaries/getpid.o
 .data          0x0000000000111ca0        0x0 binaries/getprio.o
 .data          0x0000000000111ca0        0x0 binaries/getstk.o
 .data          0x0000000000111ca0        0x0 binaries/getticks.o
 .data          0x0000000000111ca0        0x0 binaries/gettime.o
 .data          0x0000000000111ca0        0x0 binaries/getutime.o
 .data          0x0000000000111ca0        0x0 binaries/init.o
 .data          0x0000000000111ca0        0x0 binaries/initialize.o
 .data          0x0000000000111ca0        0x0 binaries/insert.o
 .data          0x0000000000111ca0        0x0 binaries/insertd.o
 .data          0x0000000000111ca0        0x0 binaries/ioerr.o
 .data          0x0000000000111ca0        0x0 binaries/ionull.o
 .data          0x0000000000111ca0        0x0 binaries/kill.o
 .data          0x0000000000111ca0        0x0 binaries/kprintf.o
 .data          0x0000000000111ca0        0x0 binaries/main.o
 .data          0x0000000000111ca0        0x0 binaries/mark.o
 .data          0x0000000000111ca0       0x40 binaries/meminit.o
                0x0000000000111ca0                bootsign
                0x0000000000111ca4                bootinfo
                0x0000000000111cc0                gdt_copy
 .data          0x0000000000111ce0        0x0 binaries/mkbufpool.o
 .data          0x0000000000111ce0        0x2 binaries/newqueue.o
 .data          0x0000000000111ce2        0x0 binaries/open.o
 .data          0x0000000000111ce2        0x0 binaries/panic.o
 .data          0x0000000000111ce2        0x0 binaries/platinit.o
 .data          0x0000000000111ce2        0x0 binaries/ptclear.o
 .data          0x0000000000111ce2        0x0 binaries/ptcount.o
 .data          0x0000000000111ce2        0x0 binaries/ptcreate.o
 .data          0x0000000000111ce2        0x0 binaries/ptdelete.o
 .data          0x0000000000111ce2        0x0 binaries/ptinit.o
 .data          0x0000000000111ce2        0x0 binaries/ptrecv.o
 .data          0x0000000000111ce2        0x0 binaries/ptreset.o
 .data          0x0000000000111ce2        0x0 binaries/ptsend.o
 .data          0x0000000000111ce2        0x0 binaries/putc.o
 .data          0x0000000000111ce2        0x0 binaries/queue.o
 .data          0x0000000000111ce2        0x0 binaries/read.o
 .data          0x0000000000111ce2        0x0 binaries/ready.o
 .data          0x0000000000111ce2        0x0 binaries/receive.o
 .data          0x0000000000111ce2        0x0 binaries/recvclr.o
 .data          0x0000000000111ce2        0x0 binaries/recvtime.o
 .data          0x0000000000111ce2        0x0 binaries/resched.o
 .data          0x0000000000111ce2        0x0 binaries/resume.o
 .data          0x0000000000111ce2        0x0 binaries/seek.o
 .data          0x0000000000111ce2        0x0 binaries/semcount.o
 .data          0x0000000000111ce2        0x0 binaries/semcreate.o
 .data          0x0000000000111ce2        0x0 binaries/semdelete.o
 .data          0x0000000000111ce2        0x0 binaries/semreset.o
 .data          0x0000000000111ce2        0x0 binaries/send.o
 .data          0x0000000000111ce2        0x0 binaries/signal.o
 .data          0x0000000000111ce2        0x0 binaries/signaln.o
 .data          0x0000000000111ce2        0x0 binaries/sleep.o
 .data          0x0000000000111ce2        0x0 binaries/stacktrace.o
 .data          0x0000000000111ce2        0x0 binaries/suspend.o
 .data          0x0000000000111ce2        0x0 binaries/unsleep.o
 .data          0x0000000000111ce2        0x0 binaries/userret.o
 .data          0x0000000000111ce2        0x0 binaries/vm.o
 .data          0x0000000000111ce2        0x0 binaries/vminit.o
 .data          0x0000000000111ce2        0x0 binaries/wait.o
 .data          0x0000000000111ce2        0x0 binaries/wakeup.o
 .data          0x0000000000111ce2        0x0 binaries/write.o
 .data          0x0000000000111ce2        0x0 binaries/xdone.o
 .data          0x0000000000111ce2        0x0 binaries/yield.o
 .data          0x0000000000111ce2        0x0 binaries/abs.o
 .data          0x0000000000111ce2        0x0 binaries/atoi.o
 .data          0x0000000000111ce2        0x0 binaries/atol.o
 .data          0x0000000000111ce2        0x0 binaries/bzero.o
 .data          0x0000000000111ce2        0x0 binaries/ctype_.o
 .data          0x0000000000111ce2        0x0 binaries/doprnt.o
 *fill*         0x0000000000111ce2       0x1e 
 .data          0x0000000000111d00       0x80 binaries/doscan.o
                0x0000000000111d00                _sctab
 .data          0x0000000000111d80        0x0 binaries/fdoprnt.o
 .data          0x0000000000111d80        0x0 binaries/fgetc.o
 .data          0x0000000000111d80        0x0 binaries/fgets.o
 .data          0x0000000000111d80        0x0 binaries/fprintf.o
 .data          0x0000000000111d80        0x0 binaries/fputc.o
 .data          0x0000000000111d80        0x0 binaries/fputs.o
 .data          0x0000000000111d80        0x0 binaries/fscanf.o
 .data          0x0000000000111d80        0x0 binaries/getchar.o
 .data          0x0000000000111d80        0x0 binaries/labs.o
 .data          0x0000000000111d80        0x0 binaries/memchr.o
 .data          0x0000000000111d80        0x0 binaries/memcmp.o
 .data          0x0000000000111d80        0x0 binaries/memcpy.o
 .data          0x0000000000111d80        0x0 binaries/memset.o
 .data          0x0000000000111d80        0x0 binaries/printf.o
 .data          0x0000000000111d80        0x0 binaries/putchar.o
 .data          0x0000000000111d80        0x0 binaries/qsort.o
 .data          0x0000000000111d80        0x4 binaries/rand.o
 .data          0x0000000000111d84        0x0 binaries/sprintf.o
 .data          0x0000000000111d84        0x0 binaries/sscanf.o
 .data          0x0000000000111d84        0x0 binaries/strchr.o
 .data          0x0000000000111d84        0x0 binaries/strcmp.o
 .data          0x0000000000111d84        0x0 binaries/strcpy.o
 .data          0x0000000000111d84        0x0 binaries/strlen.o
 .data          0x0000000000111d84        0x0 binaries/strncat.o
 .data          0x0000000000111d84        0x0 binaries/strncmp.o
 .data          0x0000000000111d84        0x0 binaries/strncpy.o
 .data          0x0000000000111d84        0x0 binaries/strnlen.o
 .data          0x0000000000111d84        0x0 binaries/strrchr.o
 .data          0x0000000000111d84        0x0 binaries/strstr.o
 .data          0x0000000000111d84        0x0 binaries/ttycontrol.o
 .data          0x0000000000111d84        0x0 binaries/ttygetc.o
 .data          0x0000000000111d84        0x0 binaries/ttyhandle_in.o
 .data          0x0000000000111d84        0x0 binaries/ttyhandle_out.o
 .data          0x0000000000111d84        0x0 binaries/ttyhandler.o
 .data          0x0000000000111d84        0x0 binaries/ttyinit.o
 .data          0x0000000000111d84        0x0 binaries/ttykickout.o
 .data          0x0000000000111d84        0x0 binaries/ttyputc.o
 .data          0x0000000000111d84        0x0 binaries/ttyread.o
 .data          0x0000000000111d84        0x0 binaries/ttywrite.o
 .data          0x0000000000111d84        0x0 binaries/mount.o
 .data          0x0000000000111d84        0x0 binaries/naminit.o
 .data          0x0000000000111d84        0x0 binaries/nammap.o
 .data          0x0000000000111d84        0x0 binaries/namopen.o
 .data          0x0000000000111d84        0x0 binaries/ramclose.o
 .data          0x0000000000111d84        0x0 binaries/raminit.o
 .data          0x0000000000111d84        0x0 binaries/ramopen.o
 .data          0x0000000000111d84        0x0 binaries/ramread.o
 .data          0x0000000000111d84        0x0 binaries/ramwrite.o
 .data          0x0000000000111d84        0x0 binaries/lfdballoc.o
 .data          0x0000000000111d84        0x0 binaries/lfdbfree.o
 .data          0x0000000000111d84        0x0 binaries/lfflush.o
 .data          0x0000000000111d84        0x0 binaries/lfgetmode.o
 .data          0x0000000000111d84        0x0 binaries/lfiballoc.o
 .data          0x0000000000111d84        0x0 binaries/lfibclear.o
 .data          0x0000000000111d84        0x0 binaries/lfibget.o
 .data          0x0000000000111d84        0x0 binaries/lfibput.o
 .data          0x0000000000111d84        0x0 binaries/lflclose.o
 .data          0x0000000000111d84        0x0 binaries/lflcontrol.o
 .data          0x0000000000111d84        0x0 binaries/lflgetc.o
 .data          0x0000000000111d84        0x0 binaries/lflinit.o
 .data          0x0000000000111d84        0x0 binaries/lflputc.o
 .data          0x0000000000111d84        0x0 binaries/lflread.o
 .data          0x0000000000111d84        0x0 binaries/lflseek.o
 .data          0x0000000000111d84        0x0 binaries/lflwrite.o
 .data          0x0000000000111d84        0x0 binaries/lfscheck.o
 .data          0x0000000000111d84        0x0 binaries/lfsckfmt.o
 .data          0x0000000000111d84        0x0 binaries/lfscreate.o
 .data          0x0000000000111d84        0x0 binaries/lfsetup.o
 .data          0x0000000000111d84        0x0 binaries/lfsinit.o
 .data          0x0000000000111d84        0x0 binaries/lfsopen.o
 .data          0x0000000000111d84        0x0 binaries/lftruncate.o
 .data          0x0000000000111d84        0x0 binaries/addargs.o
 .data          0x0000000000111d84        0x0 binaries/lexan.o
 .data          0x0000000000111d84        0x4 binaries/shell.o
                0x0000000000111d84                ncmd
 *fill*         0x0000000000111d88       0x18 
 .data.rel.ro   0x0000000000111da0       0xb4 binaries/shell.o
                0x0000000000111da0                cmdtab
 .data          0x0000000000111e54        0x0 binaries/xsh_argecho.o
 .data          0x0000000000111e54        0x0 binaries/xsh_cat.o
 .data          0x0000000000111e54        0x0 binaries/xsh_clear.o
 .data          0x0000000000111e54        0x0 binaries/xsh_date.o
 .data          0x0000000000111e54        0x0 binaries/xsh_devdump.o
 .data          0x0000000000111e54        0x0 binaries/xsh_echo.o
 .data          0x0000000000111e54        0x0 binaries/xsh_exit.o
 .data          0x0000000000111e54        0x0 binaries/xsh_help.o
 .data          0x0000000000111e54        0x0 binaries/xsh_kill.o
 .data          0x0000000000111e54        0x0 binaries/xsh_memdump.o
 .data          0x0000000000111e54        0x0 binaries/xsh_memstat.o
 *fill*         0x0000000000111e54        0xc 
 .data          0x0000000000111e60       0x20 binaries/xsh_ps.o
 .data          0x0000000000111e80        0x0 binaries/xsh_sleep.o
 .data          0x0000000000111e80        0x0 binaries/xsh_uptime.o
 .data          0x0000000000111e80        0x0 binaries/clkdisp.o
 .data          0x0000000000111e80        0x0 binaries/ctxsw.o
 .data          0x0000000000111e80        0x0 binaries/intr.o
                0x0000000000111e80                _saveint
 .data          0x0000000000111e80        0x0 binaries/ttydispatch.o
                0x0000000000111e80                edata = ABSOLUTE (.)
                0x0000000000112000                . = ALIGN (0x1000)
 *fill*         0x0000000000111e80      0x180 

.got            0x0000000000112000        0x0
 .got           0x0000000000112000        0x0 binaries/start.o

.got.plt        0x0000000000112000        0xc
 .got.plt       0x0000000000112000        0xc binaries/start.o
                0x0000000000112000                _GLOBAL_OFFSET_TABLE_

.igot.plt       0x000000000011200c        0x0
 .igot.plt      0x000000000011200c        0x0 binaries/start.o

.bss            0x0000000000112020    0x3efe0
                0x0000000000112020                bss = ABSOLUTE (.)
 *(.bss .bss.*)
 .bss           0x0000000000112020        0x0 binaries/start.o
 .bss           0x0000000000112020        0x0 binaries/ascdate.o
 .bss           0x0000000000112020        0x0 binaries/bufinit.o
 .bss           0x0000000000112020        0x0 binaries/chprio.o
 .bss           0x0000000000112020        0x0 binaries/clkhandler.o
 .bss           0x0000000000112020        0x0 binaries/clkinit.o
 .bss           0x0000000000112020        0x0 binaries/close.o
 .bss           0x0000000000112020        0x0 binaries/conf.o
 .bss           0x0000000000112020        0x0 binaries/control.o
 .bss           0x0000000000112020        0x0 binaries/create.o
 .bss           0x0000000000112020        0x0 binaries/evec.o
 .bss           0x0000000000112020        0x0 binaries/exit.o
 .bss           0x0000000000112020        0x0 binaries/freebuf.o
 .bss           0x0000000000112020        0x0 binaries/freemem.o
 .bss           0x0000000000112020        0x0 binaries/getbuf.o
 .bss           0x0000000000112020        0x0 binaries/getc.o
 .bss           0x0000000000112020        0x0 binaries/getdev.o
 .bss           0x0000000000112020        0x0 binaries/getitem.o
 .bss           0x0000000000112020        0x0 binaries/getmem.o
 .bss           0x0000000000112020        0x0 binaries/getpid.o
 .bss           0x0000000000112020        0x0 binaries/getprio.o
 .bss           0x0000000000112020        0x0 binaries/getstk.o
 .bss           0x0000000000112020        0x0 binaries/getticks.o
 .bss           0x0000000000112020        0x0 binaries/gettime.o
 .bss           0x0000000000112020        0x0 binaries/getutime.o
 .bss           0x0000000000112020        0x0 binaries/init.o
 .bss           0x0000000000112020        0x0 binaries/initialize.o
 .bss           0x0000000000112020        0x0 binaries/insert.o
 .bss           0x0000000000112020        0x0 binaries/insertd.o
 .bss           0x0000000000112020        0x0 binaries/ioerr.o
 .bss           0x0000000000112020        0x0 binaries/ionull.o
 .bss           0x0000000000112020        0x0 binaries/kill.o
 .bss           0x0000000000112020        0x0 binaries/kprintf.o
 .bss           0x0000000000112020        0x0 binaries/main.o
 .bss           0x0000000000112020        0x0 binaries/mark.o
 .bss           0x0000000000112020        0x8 binaries/meminit.o
                0x0000000000112020                framenum
                0x0000000000112024                usedframe
 .bss           0x0000000000112028        0x0 binaries/mkbufpool.o
 .bss           0x0000000000112028        0x0 binaries/newqueue.o
 .bss           0x0000000000112028        0x0 binaries/open.o
 .bss           0x0000000000112028        0x0 binaries/panic.o
 .bss           0x0000000000112028        0x0 binaries/platinit.o
 .bss           0x0000000000112028        0x0 binaries/ptclear.o
 .bss           0x0000000000112028        0x0 binaries/ptcount.o
 .bss           0x0000000000112028        0x0 binaries/ptcreate.o
 .bss           0x0000000000112028        0x0 binaries/ptdelete.o
 .bss           0x0000000000112028        0x0 binaries/ptinit.o
 .bss           0x0000000000112028        0x0 binaries/ptrecv.o
 .bss           0x0000000000112028        0x0 binaries/ptreset.o
 .bss           0x0000000000112028        0x0 binaries/ptsend.o
 .bss           0x0000000000112028        0x0 binaries/putc.o
 .bss           0x0000000000112028        0x0 binaries/queue.o
 .bss           0x0000000000112028        0x0 binaries/read.o
 .bss           0x0000000000112028        0x0 binaries/ready.o
 .bss           0x0000000000112028        0x0 binaries/receive.o
 .bss           0x0000000000112028        0x0 binaries/recvclr.o
 .bss           0x0000000000112028        0x0 binaries/recvtime.o
 .bss           0x0000000000112028        0x0 binaries/resched.o
 .bss           0x0000000000112028        0x0 binaries/resume.o
 .bss           0x0000000000112028        0x0 binaries/seek.o
 .bss           0x0000000000112028        0x0 binaries/semcount.o
 .bss           0x0000000000112028        0x4 binaries/semcreate.o
 .bss           0x000000000011202c        0x0 binaries/semdelete.o
 .bss           0x000000000011202c        0x0 binaries/semreset.o
 .bss           0x000000000011202c        0x0 binaries/send.o
 .bss           0x000000000011202c        0x0 binaries/signal.o
 .bss           0x000000000011202c        0x0 binaries/signaln.o
 .bss           0x000000000011202c        0x0 binaries/sleep.o
 .bss           0x000000000011202c        0x0 binaries/stacktrace.o
 .bss           0x000000000011202c        0x0 binaries/suspend.o
 .bss           0x000000000011202c        0x0 binaries/unsleep.o
 .bss           0x000000000011202c        0x0 binaries/userret.o
 .bss           0x000000000011202c        0x4 binaries/vm.o
 .bss           0x0000000000112030        0x0 binaries/vminit.o
 .bss           0x0000000000112030        0x0 binaries/wait.o
 .bss           0x0000000000112030        0x0 binaries/wakeup.o
 .bss           0x0000000000112030        0x0 binaries/write.o
 .bss           0x0000000000112030        0x0 binaries/xdone.o
 .bss           0x0000000000112030        0x0 binaries/yield.o
 .bss           0x0000000000112030        0x0 binaries/abs.o
 .bss           0x0000000000112030        0x0 binaries/atoi.o
 .bss           0x0000000000112030        0x0 binaries/atol.o
 .bss           0x0000000000112030        0x0 binaries/bzero.o
 .bss           0x0000000000112030        0x0 binaries/ctype_.o
 .bss           0x0000000000112030        0x0 binaries/doprnt.o
 .bss           0x0000000000112030        0x0 binaries/doscan.o
 .bss           0x0000000000112030        0x0 binaries/fdoprnt.o
 .bss           0x0000000000112030        0x0 binaries/fgetc.o
 .bss           0x0000000000112030        0x0 binaries/fgets.o
 .bss           0x0000000000112030        0x0 binaries/fprintf.o
 .bss           0x0000000000112030        0x0 binaries/fputc.o
 .bss           0x0000000000112030        0x0 binaries/fputs.o
 .bss           0x0000000000112030        0x0 binaries/fscanf.o
 .bss           0x0000000000112030        0x0 binaries/getchar.o
 .bss           0x0000000000112030        0x0 binaries/labs.o
 .bss           0x0000000000112030        0x0 binaries/memchr.o
 .bss           0x0000000000112030        0x0 binaries/memcmp.o
 .bss           0x0000000000112030        0x0 binaries/memcpy.o
 .bss           0x0000000000112030        0x0 binaries/memset.o
 .bss           0x0000000000112030        0x0 binaries/printf.o
 .bss           0x0000000000112030        0x0 binaries/putchar.o
 .bss           0x0000000000112030        0x8 binaries/qsort.o
 .bss           0x0000000000112038        0x0 binaries/rand.o
 .bss           0x0000000000112038        0x0 binaries/sprintf.o
 .bss           0x0000000000112038        0x0 binaries/sscanf.o
 .bss           0x0000000000112038        0x0 binaries/strchr.o
 .bss           0x0000000000112038        0x0 binaries/strcmp.o
 .bss           0x0000000000112038        0x0 binaries/strcpy.o
 .bss           0x0000000000112038        0x0 binaries/strlen.o
 .bss           0x0000000000112038        0x0 binaries/strncat.o
 .bss           0x0000000000112038        0x0 binaries/strncmp.o
 .bss           0x0000000000112038        0x0 binaries/strncpy.o
 .bss           0x0000000000112038        0x0 binaries/strnlen.o
 .bss           0x0000000000112038        0x0 binaries/strrchr.o
 .bss           0x0000000000112038        0x0 binaries/strstr.o
 .bss           0x0000000000112038        0x0 binaries/ttycontrol.o
 .bss           0x0000000000112038        0x0 binaries/ttygetc.o
 .bss           0x0000000000112038        0x0 binaries/ttyhandle_in.o
 .bss           0x0000000000112038        0x0 binaries/ttyhandle_out.o
 .bss           0x0000000000112038        0x0 binaries/ttyhandler.o
 .bss           0x0000000000112038        0x0 binaries/ttyinit.o
 .bss           0x0000000000112038        0x0 binaries/ttykickout.o
 .bss           0x0000000000112038        0x0 binaries/ttyputc.o
 .bss           0x0000000000112038        0x0 binaries/ttyread.o
 .bss           0x0000000000112038        0x0 binaries/ttywrite.o
 .bss           0x0000000000112038        0x0 binaries/mount.o
 .bss           0x0000000000112038        0x0 binaries/naminit.o
 .bss           0x0000000000112038        0x0 binaries/nammap.o
 .bss           0x0000000000112038        0x0 binaries/namopen.o
 .bss           0x0000000000112038        0x0 binaries/ramclose.o
 .bss           0x0000000000112038        0x0 binaries/raminit.o
 .bss           0x0000000000112038        0x0 binaries/ramopen.o
 .bss           0x0000000000112038        0x0 binaries/ramread.o
 .bss           0x0000000000112038        0x0 binaries/ramwrite.o
 .bss           0x0000000000112038        0x0 binaries/lfdballoc.o
 .bss           0x0000000000112038        0x0 binaries/lfdbfree.o
 .bss           0x0000000000112038        0x0 binaries/lfflush.o
 .bss           0x0000000000112038        0x0 binaries/lfgetmode.o
 .bss           0x0000000000112038        0x0 binaries/lfiballoc.o
 .bss           0x0000000000112038        0x0 binaries/lfibclear.o
 .bss           0x0000000000112038        0x0 binaries/lfibget.o
 .bss           0x0000000000112038        0x0 binaries/lfibput.o
 .bss           0x0000000000112038        0x0 binaries/lflclose.o
 .bss           0x0000000000112038        0x0 binaries/lflcontrol.o
 .bss           0x0000000000112038        0x0 binaries/lflgetc.o
 .bss           0x0000000000112038        0x0 binaries/lflinit.o
 .bss           0x0000000000112038        0x0 binaries/lflputc.o
 .bss           0x0000000000112038        0x0 binaries/lflread.o
 .bss           0x0000000000112038        0x0 binaries/lflseek.o
 .bss           0x0000000000112038        0x0 binaries/lflwrite.o
 .bss           0x0000000000112038        0x0 binaries/lfscheck.o
 .bss           0x0000000000112038        0x0 binaries/lfsckfmt.o
 .bss           0x0000000000112038        0x0 binaries/lfscreate.o
 .bss           0x0000000000112038        0x0 binaries/lfsetup.o
 .bss           0x0000000000112038        0x0 binaries/lfsinit.o
 .bss           0x0000000000112038        0x0 binaries/lfsopen.o
 .bss           0x0000000000112038        0x0 binaries/lftruncate.o
 .bss           0x0000000000112038        0x0 binaries/addargs.o
 .bss           0x0000000000112038        0x0 binaries/lexan.o
 .bss           0x0000000000112038        0x0 binaries/shell.o
 .bss           0x0000000000112038        0x0 binaries/xsh_argecho.o
 .bss           0x0000000000112038        0x0 binaries/xsh_cat.o
 .bss           0x0000000000112038        0x0 binaries/xsh_clear.o
 .bss           0x0000000000112038        0x0 binaries/xsh_date.o
 .bss           0x0000000000112038        0x0 binaries/xsh_devdump.o
 .bss           0x0000000000112038        0x0 binaries/xsh_echo.o
 .bss           0x0000000000112038        0x0 binaries/xsh_exit.o
 .bss           0x0000000000112038        0x0 binaries/xsh_help.o
 .bss           0x0000000000112038        0x0 binaries/xsh_kill.o
 .bss           0x0000000000112038        0x0 binaries/xsh_memdump.o
 .bss           0x0000000000112038        0x0 binaries/xsh_memstat.o
 .bss           0x0000000000112038        0x0 binaries/xsh_ps.o
 .bss           0x0000000000112038        0x0 binaries/xsh_sleep.o
 .bss           0x0000000000112038        0x0 binaries/xsh_uptime.o
 .bss           0x0000000000112038        0x0 binaries/clkdisp.o
 .bss           0x0000000000112038        0x0 binaries/ctxsw.o
 .bss           0x0000000000112038        0x0 binaries/intr.o
 .bss           0x0000000000112038        0x0 binaries/ttydispatch.o
 *(COMMON)
 *fill*         0x0000000000112038        0x8 
 COMMON         0x0000000000112040       0xf4 binaries/bufinit.o
                0x0000000000112040                buftab
                0x0000000000112130                nbpools
 COMMON         0x0000000000112134       0x10 binaries/clkinit.o
                0x0000000000112134                sleepq
                0x0000000000112138                preempt
                0x000000000011213c                count1000
                0x0000000000112140                clktime
 COMMON         0x0000000000112144        0x2 binaries/evec.o
                0x0000000000112144                girmask
 *fill*         0x0000000000112146       0x1a 
 COMMON         0x0000000000112160     0x1c58 binaries/initialize.o
                0x0000000000112160                currpid
                0x0000000000112180                proctab
                0x00000000001138f0                prcount
                0x0000000000113900                semtab
                0x0000000000113db0                memlist
 *fill*         0x0000000000113db8        0x8 
 COMMON         0x0000000000113dc0       0x58 binaries/mark.o
                0x0000000000113dc0                marks
                0x0000000000113e10                nmarks
                0x0000000000113e14                mkmutex
 *fill*         0x0000000000113e18        0x8 
 COMMON         0x0000000000113e20    0x1fad8 binaries/meminit.o
                0x0000000000113e20                minheap
                0x0000000000113e24                maxheap
                0x0000000000113e40                framelist
 *fill*         0x00000000001338f8        0x8 
 COMMON         0x0000000000133900      0x2d8 binaries/ptinit.o
                0x0000000000133900                porttab
                0x0000000000133bd0                ptnextid
                0x0000000000133bd4                ptfree
 *fill*         0x0000000000133bd8        0x8 
 COMMON         0x0000000000133be0      0x980 binaries/queue.o
                0x0000000000133be0                queuetab
 COMMON         0x0000000000134560        0x2 binaries/ready.o
                0x0000000000134560                readylist
 *fill*         0x0000000000134562        0x2 
 COMMON         0x0000000000134564        0x8 binaries/resched.o
                0x0000000000134564                Defer
 COMMON         0x000000000013456c        0x4 binaries/vminit.o
                0x000000000013456c                kpgdir
 *fill*         0x0000000000134570       0x10 
 COMMON         0x0000000000134580      0x110 binaries/ttyinit.o
                0x0000000000134580                ttytab
 *fill*         0x0000000000134690       0x10 
 COMMON         0x00000000001346a0     0x19c0 binaries/naminit.o
                0x00000000001346a0                nnames
                0x00000000001346c0                nametab
 COMMON         0x0000000000136060    0x19000 binaries/raminit.o
                0x0000000000136060                Ram
 COMMON         0x000000000014f060      0xf00 binaries/lflinit.o
                0x000000000014f060                lfltab
 COMMON         0x000000000014ff60      0x20c binaries/lfsinit.o
                0x000000000014ff60                Lf_data
                0x000000000015016c                ebss = ABSOLUTE (.)
                0x0000000000151000                . = ALIGN (0x1000)
 *fill*         0x000000000015016c      0xe94 
 */()
                0x0000000000151000                end = ABSOLUTE (.)
                0x0000000000151000                _end = ABSOLUTE (.)
                0x0000000000151000                . = ALIGN (0x1000)
LOAD binaries/start.o
LOAD binaries/ascdate.o
LOAD binaries/bufinit.o
LOAD binaries/chprio.o
LOAD binaries/clkhandler.o
LOAD binaries/clkinit.o
LOAD binaries/close.o
LOAD binaries/conf.o
LOAD binaries/control.o
LOAD binaries/create.o
LOAD binaries/evec.o
LOAD binaries/exit.o
LOAD binaries/freebuf.o
LOAD binaries/freemem.o
LOAD binaries/getbuf.o
LOAD binaries/getc.o
LOAD binaries/getdev.o
LOAD binaries/getitem.o
LOAD binaries/getmem.o
LOAD binaries/getpid.o
LOAD binaries/getprio.o
LOAD binaries/getstk.o
LOAD binaries/getticks.o
LOAD binaries/gettime.o
LOAD binaries/getutime.o
LOAD binaries/init.o
LOAD binaries/initialize.o
LOAD binaries/insert.o
LOAD binaries/insertd.o
LOAD binaries/ioerr.o
LOAD binaries/ionull.o
LOAD binaries/kill.o
LOAD binaries/kprintf.o
LOAD binaries/main.o
LOAD binaries/mark.o
LOAD binaries/meminit.o
LOAD binaries/mkbufpool.o
LOAD binaries/newqueue.o
LOAD binaries/open.o
LOAD binaries/panic.o
LOAD binaries/platinit.o
LOAD binaries/ptclear.o
LOAD binaries/ptcount.o
LOAD binaries/ptcreate.o
LOAD binaries/ptdelete.o
LOAD binaries/ptinit.o
LOAD binaries/ptrecv.o
LOAD binaries/ptreset.o
LOAD binaries/ptsend.o
LOAD binaries/putc.o
LOAD binaries/queue.o
LOAD binaries/read.o
LOAD binaries/ready.o
LOAD binaries/receive.o
LOAD binaries/recvclr.o
LOAD binaries/recvtime.o
LOAD binaries/resched.o
LOAD binaries/resume.o
LOAD binaries/seek.o
LOAD binaries/semcount.o
LOAD binaries/semcreate.o
LOAD binaries/semdelete.o
LOAD binaries/semreset.o
LOAD binaries/send.o
LOAD binaries/signal.o
LOAD binaries/signaln.o
LOAD binaries/sleep.o
LOAD binaries/stacktrace.o
LOAD binaries/suspend.o
LOAD binaries/unsleep.o
LOAD binaries/userret.o
LOAD binaries/vm.o
LOAD binaries/vminit.o
LOAD binaries/wait.o
LOAD binaries/wakeup.o
LOAD binaries/write.o
LOAD binaries/xdone.o
LOAD binaries/yield.o
LOAD binaries/abs.o
LOAD binaries/atoi.o
LOAD binaries/atol.o
LOAD binaries/bzero.o
LOAD binaries/ctype_.o
LOAD binaries/doprnt.o
LOAD binaries/doscan.o
LOAD binaries/fdoprnt.o
LOAD binaries/fgetc.o
LOAD binaries/fgets.o
LOAD binaries/fprintf.o
LOAD binaries/fputc.o
LOAD binaries/fputs.o
LOAD binaries/fscanf.o
LOAD binaries/getchar.o
LOAD binaries/labs.o
LOAD binaries/memchr.o
LOAD binaries/memcmp.o
LOAD binaries/memcpy.o
LOAD binaries/memset.o
LOAD binaries/printf.o
LOAD binaries/putchar.o
LOAD binaries/qsort.o
LOAD binaries/rand.o
LOAD binaries/sprintf.o
LOAD binaries/sscanf.o
LOAD binaries/strchr.o
LOAD binaries/strcmp.o
LOAD binaries/strcpy.o
LOAD binaries/strlen.o
LOAD binaries/strncat.o
LOAD binaries/strncmp.o
LOAD binaries/strncpy.o
LOAD binaries/strnlen.o
LOAD binaries/strrchr.o
LOAD binaries/strstr.o
LOAD binaries/ttycontrol.o
LOAD binaries/ttygetc.o
LOAD binaries/ttyhandle_in.o
LOAD binaries/ttyhandle_out.o
LOAD binaries/ttyhandler.o
LOAD binaries/ttyinit.o
LOAD binaries/ttykickout.o
LOAD binaries/ttyputc.o
LOAD binaries/ttyread.o
LOAD binaries/ttywrite.o
LOAD binaries/mount.o
LOAD binaries/naminit.o
LOAD binaries/nammap.o
LOAD binaries/namopen.o
LOAD binaries/ramclose.o
LOAD binaries/raminit.o
LOAD binaries/ramopen.o
LOAD binaries/ramread.o
LOAD binaries/ramwrite.o
LOAD binaries/lfdballoc.o
LOAD binaries/lfdbfree.o
LOAD binaries/lfflush.o
LOAD binaries/lfgetmode.o
LOAD binaries/lfiballoc.o
LOAD binaries/lfibclear.o
LOAD binaries/lfibget.o
LOAD binaries/lfibput.o
LOAD binaries/lflclose.o
LOAD binaries/lflcontrol.o
LOAD binaries/lflgetc.o
LOAD binaries/lflinit.o
LOAD binaries/lflputc.o
LOAD binaries/lflread.o
LOAD binaries/lflseek.o
LOAD binaries/lflwrite.o
LOAD binaries/lfscheck.o
LOAD binaries/lfsckfmt.o
LOAD binaries/lfscreate.o
LOAD binaries/lfsetup.o
LOAD binaries/lfsinit.o
LOAD binaries/lfsopen.o
LOAD binaries/lftruncate.o
LOAD binaries/addargs.o
LOAD binaries/lexan.o
LOAD binaries/shell.o
LOAD binaries/xsh_argecho.o
LOAD binaries/xsh_cat.o
LOAD binaries/xsh_clear.o
LOAD binaries/xsh_date.o
LOAD binaries/xsh_devdump.o
LOAD binaries/xsh_echo.o
LOAD binaries/xsh_exit.o
LOAD binaries/xsh_help.o
LOAD binaries/xsh_kill.o
LOAD binaries/xsh_memdump.o
LOAD binaries/xsh_memstat.o
LOAD binaries/xsh_ps.o
LOAD binaries/xsh_sleep.o
LOAD binaries/xsh_uptime.o
LOAD binaries/clkdisp.o
LOAD binaries/ctxsw.o
LOAD binaries/intr.o
LOAD binaries/ttydispatch.o
OUTPUT(../compile/xinu.elf elf32-i386)

.debug_line     0x0000000000000000     0xc714
 .debug_line    0x0000000000000000       0xc1 binaries/start.o
 .debug_line    0x00000000000000c1      0x1fd binaries/ascdate.o
 .debug_line    0x00000000000002be      0x119 binaries/bufinit.o
 .debug_line    0x00000000000003d7      0x12e binaries/chprio.o
 .debug_line    0x0000000000000505      0x12b binaries/clkhandler.o
 .debug_line    0x0000000000000630      0x125 binaries/clkinit.o
 .debug_line    0x0000000000000755      0x121 binaries/close.o
 .debug_line    0x0000000000000876      0x104 binaries/conf.o
 .debug_line    0x000000000000097a      0x123 binaries/control.o
 .debug_line    0x0000000000000a9d      0x1bf binaries/create.o
 .debug_line    0x0000000000000c5c      0x1a7 binaries/evec.o
 .debug_line    0x0000000000000e03      0x117 binaries/exit.o
 .debug_line    0x0000000000000f1a      0x12d binaries/freebuf.o
 .debug_line    0x0000000000001047      0x165 binaries/freemem.o
 .debug_line    0x00000000000011ac      0x12c binaries/getbuf.o
 .debug_line    0x00000000000012d8      0x120 binaries/getc.o
 .debug_line    0x00000000000013f8      0x12c binaries/getdev.o
 .debug_line    0x0000000000001524      0x137 binaries/getitem.o
 .debug_line    0x000000000000165b      0x161 binaries/getmem.o
 .debug_line    0x00000000000017bc      0x117 binaries/getpid.o
 .debug_line    0x00000000000018d3      0x12d binaries/getprio.o
 .debug_line    0x0000000000001a00      0x133 binaries/getstk.o
 .debug_line    0x0000000000001b33      0x11a binaries/getticks.o
 .debug_line    0x0000000000001c4d      0x11a binaries/gettime.o
 .debug_line    0x0000000000001d67      0x11c binaries/getutime.o
 .debug_line    0x0000000000001e83      0x120 binaries/init.o
 .debug_line    0x0000000000001fa3      0x1d7 binaries/initialize.o
 .debug_line    0x000000000000217a      0x143 binaries/insert.o
 .debug_line    0x00000000000022bd      0x14f binaries/insertd.o
 .debug_line    0x000000000000240c      0x116 binaries/ioerr.o
 .debug_line    0x0000000000002522      0x117 binaries/ionull.o
 .debug_line    0x0000000000002639      0x1d5 binaries/kill.o
 .debug_line    0x000000000000280e      0x172 binaries/kprintf.o
 .debug_line    0x0000000000002980      0x143 binaries/main.o
 .debug_line    0x0000000000002ac3      0x137 binaries/mark.o
 .debug_line    0x0000000000002bfa      0x183 binaries/meminit.o
 .debug_line    0x0000000000002d7d      0x163 binaries/mkbufpool.o
 .debug_line    0x0000000000002ee0      0x12b binaries/newqueue.o
 .debug_line    0x000000000000300b      0x120 binaries/open.o
 .debug_line    0x000000000000312b      0x11d binaries/panic.o
 .debug_line    0x0000000000003248      0x11c binaries/platinit.o
 .debug_line    0x0000000000003364      0x13e binaries/ptclear.o
 .debug_line    0x00000000000034a2      0x137 binaries/ptcount.o
 .debug_line    0x00000000000035d9      0x142 binaries/ptcreate.o
 .debug_line    0x000000000000371b      0x134 binaries/ptdelete.o
 .debug_line    0x000000000000384f      0x14b binaries/ptinit.o
 .debug_line    0x000000000000399a      0x146 binaries/ptrecv.o
 .debug_line    0x0000000000003ae0      0x132 binaries/ptreset.o
 .debug_line    0x0000000000003c12      0x145 binaries/ptsend.o
 .debug_line    0x0000000000003d57      0x120 binaries/putc.o
 .debug_line    0x0000000000003e77      0x151 binaries/queue.o
 .debug_line    0x0000000000003fc8      0x120 binaries/read.o
 .debug_line    0x00000000000040e8      0x12c binaries/ready.o
 .debug_line    0x0000000000004214      0x122 binaries/receive.o
 .debug_line    0x0000000000004336      0x121 binaries/recvclr.o
 .debug_line    0x0000000000004457      0x12c binaries/recvtime.o
 .debug_line    0x0000000000004583      0x14f binaries/resched.o
 .debug_line    0x00000000000046d2      0x131 binaries/resume.o
 .debug_line    0x0000000000004803      0x120 binaries/seek.o
 .debug_line    0x0000000000004923      0x12e binaries/semcount.o
 .debug_line    0x0000000000004a51      0x147 binaries/semcreate.o
 .debug_line    0x0000000000004b98      0x134 binaries/semdelete.o
 .debug_line    0x0000000000004ccc      0x13b binaries/semreset.o
 .debug_line    0x0000000000004e07      0x134 binaries/send.o
 .debug_line    0x0000000000004f3b      0x12d binaries/signal.o
 .debug_line    0x0000000000005068      0x13e binaries/signaln.o
 .debug_line    0x00000000000051a6      0x137 binaries/sleep.o
 .debug_line    0x00000000000052dd      0x164 binaries/stacktrace.o
 .debug_line    0x0000000000005441      0x142 binaries/suspend.o
 .debug_line    0x0000000000005583      0x13e binaries/unsleep.o
 .debug_line    0x00000000000056c1      0x11a binaries/userret.o
 .debug_line    0x00000000000057db      0x1eb binaries/vm.o
 .debug_line    0x00000000000059c6      0x150 binaries/vminit.o
 .debug_line    0x0000000000005b16      0x130 binaries/wait.o
 .debug_line    0x0000000000005c46      0x128 binaries/wakeup.o
 .debug_line    0x0000000000005d6e      0x121 binaries/write.o
 .debug_line    0x0000000000005e8f      0x119 binaries/xdone.o
 .debug_line    0x0000000000005fa8      0x11a binaries/yield.o
 .debug_line    0x00000000000060c2       0x40 binaries/abs.o
 .debug_line    0x0000000000006102       0x6e binaries/atoi.o
 .debug_line    0x0000000000006170       0x6f binaries/atol.o
 .debug_line    0x00000000000061df       0x4e binaries/bzero.o
 .debug_line    0x000000000000622d       0x46 binaries/ctype_.o
 .debug_line    0x0000000000006273      0x2ec binaries/doprnt.o
 .debug_line    0x000000000000655f      0x1e0 binaries/doscan.o
 .debug_line    0x000000000000673f      0x267 binaries/fdoprnt.o
 .debug_line    0x00000000000069a6       0x45 binaries/fgetc.o
 .debug_line    0x00000000000069eb       0x62 binaries/fgets.o
 .debug_line    0x0000000000006a4d      0x125 binaries/fprintf.o
 .debug_line    0x0000000000006b72       0x44 binaries/fputc.o
 .debug_line    0x0000000000006bb6       0x47 binaries/fputs.o
 .debug_line    0x0000000000006bfd       0x5d binaries/fscanf.o
 .debug_line    0x0000000000006c5a      0x118 binaries/getchar.o
 .debug_line    0x0000000000006d72       0x41 binaries/labs.o
 .debug_line    0x0000000000006db3        0x0 binaries/memchr.o